0 verbose cli C:\Program Files\nodejs\node.exe C:\Program Files\nodejs\node_modules\npm\bin\npm-cli.js
1 info using npm@11.12.1
2 info using node@v24.15.0
3 silly config load:file:C:\Program Files\nodejs\node_modules\npm\npmrc
4 silly config load:file:C:\Users\DELL\OneDrive - donga.edu.vn\Documents\healthcare-system-project-clone\web\.npmrc
5 silly config load:file:C:\Users\DELL\.npmrc
6 silly config load:file:C:\Users\DELL\AppData\Roaming\npm\etc\npmrc
7 verbose title npm install
8 verbose argv "install" "--no-audit" "--no-fund" "--cache" ".\\.npm-cache"
9 verbose logfile logs-max:10 dir:C:\Users\DELL\OneDrive - donga.edu.vn\Documents\healthcare-system-project-clone\web\.npm-cache\_logs\2026-05-14T06_16_12_274Z-
10 verbose logfile C:\Users\DELL\OneDrive - donga.edu.vn\Documents\healthcare-system-project-clone\web\.npm-cache\_logs\2026-05-14T06_16_12_274Z-debug-0.log
11 silly logfile done cleaning log files
12 silly packumentCache heap:4496293888 maxSize:1124073472 maxEntrySize:562036736
13 silly idealTree buildDeps
14 http fetch GET https://registry.npmjs.org/npm attempt 1 failed with EACCES
15 silly reify mark retired [
15 silly reify   'C:\\Users\\DELL\\OneDrive - donga.edu.vn\\Documents\\healthcare-system-project-clone\\web\\node_modules\\asynckit'
15 silly reify ]
16 silly reify mark retired [
16 silly reify   'C:\\Users\\DELL\\OneDrive - donga.edu.vn\\Documents\\healthcare-system-project-clone\\web\\node_modules\\axios'
16 silly reify ]
17 silly reify mark retired [
17 silly reify   'C:\\Users\\DELL\\OneDrive - donga.edu.vn\\Documents\\healthcare-system-project-clone\\web\\node_modules\\baseline-browser-mapping'
17 silly reify ]
18 silly reify mark retired [
18 silly reify   'C:\\Users\\DELL\\OneDrive - donga.edu.vn\\Documents\\healthcare-system-project-clone\\web\\node_modules\\call-bind-apply-helpers'
18 silly reify ]
19 silly reify mark retired [
19 silly reify   'C:\\Users\\DELL\\OneDrive - donga.edu.vn\\Documents\\healthcare-system-project-clone\\web\\node_modules\\caniuse-lite'
19 silly reify ]
20 silly reify mark retired [
20 silly reify   'C:\\Users\\DELL\\OneDrive - donga.edu.vn\\Documents\\healthcare-system-project-clone\\web\\node_modules\\combined-stream'
20 silly reify ]
21 silly reify mark retired [
21 silly reify   'C:\\Users\\DELL\\OneDrive - donga.edu.vn\\Documents\\healthcare-system-project-clone\\web\\node_modules\\browserslist'
21 silly reify ]
22 silly reify mark retired [
22 silly reify   'C:\\Users\\DELL\\OneDrive - donga.edu.vn\\Documents\\healthcare-system-project-clone\\web\\node_modules\\debug'
22 silly reify ]
23 silly reify mark retired [
23 silly reify   'C:\\Users\\DELL\\OneDrive - donga.edu.vn\\Documents\\healthcare-system-project-clone\\web\\node_modules\\convert-source-map'
23 silly reify ]
24 silly reify mark retired [
24 silly reify   'C:\\Users\\DELL\\OneDrive - donga.edu.vn\\Documents\\healthcare-system-project-clone\\web\\node_modules\\delayed-stream'
24 silly reify ]
25 silly reify mark retired [
25 silly reify   'C:\\Users\\DELL\\OneDrive - donga.edu.vn\\Documents\\healthcare-system-project-clone\\web\\node_modules\\electron-to-chromium'
25 silly reify ]
26 silly reify mark retired [
26 silly reify   'C:\\Users\\DELL\\OneDrive - donga.edu.vn\\Documents\\healthcare-system-project-clone\\web\\node_modules\\es-define-property'
26 silly reify ]
27 silly reify mark retired [
27 silly reify   'C:\\Users\\DELL\\OneDrive - donga.edu.vn\\Documents\\healthcare-system-project-clone\\web\\node_modules\\dunder-proto'
27 silly reify ]
28 silly reify mark retired [
28 silly reify   'C:\\Users\\DELL\\OneDrive - donga.edu.vn\\Documents\\healthcare-system-project-clone\\web\\node_modules\\es-errors'
28 silly reify ]
29 silly reify mark retired [
29 silly reify   'C:\\Users\\DELL\\OneDrive - donga.edu.vn\\Documents\\healthcare-system-project-clone\\web\\node_modules\\es-object-atoms'
29 silly reify ]
30 silly reify mark retired [
30 silly reify   'C:\\Users\\DELL\\OneDrive - donga.edu.vn\\Documents\\healthcare-system-project-clone\\web\\node_modules\\es-set-tostringtag'
30 silly reify ]
31 silly reify mark retired [
31 silly reify   'C:\\Users\\DELL\\OneDrive - donga.edu.vn\\Documents\\healthcare-system-project-clone\\web\\node_modules\\esbuild'
31 silly reify ]
32 silly reify mark retired [
32 silly reify   'C:\\Users\\DELL\\OneDrive - donga.edu.vn\\Documents\\healthcare-system-project-clone\\web\\node_modules\\escalade'
32 silly reify ]
33 silly reify mark retired [
33 silly reify   'C:\\Users\\DELL\\OneDrive - donga.edu.vn\\Documents\\healthcare-system-project-clone\\web\\node_modules\\follow-redirects'
33 silly reify ]
34 silly reify mark retired [
34 silly reify   'C:\\Users\\DELL\\OneDrive - donga.edu.vn\\Documents\\healthcare-system-project-clone\\web\\node_modules\\gensync'
34 silly reify ]
35 silly reify mark retired [
35 silly reify   'C:\\Users\\DELL\\OneDrive - donga.edu.vn\\Documents\\healthcare-system-project-clone\\web\\node_modules\\function-bind'
35 silly reify ]
36 silly reify mark retired [
36 silly reify   'C:\\Users\\DELL\\OneDrive - donga.edu.vn\\Documents\\healthcare-system-project-clone\\web\\node_modules\\form-data'
36 silly reify ]
37 silly reify mark retired [
37 silly reify   'C:\\Users\\DELL\\OneDrive - donga.edu.vn\\Documents\\healthcare-system-project-clone\\web\\node_modules\\gopd'
37 silly reify ]
38 silly reify mark retired [
38 silly reify   'C:\\Users\\DELL\\OneDrive - donga.edu.vn\\Documents\\healthcare-system-project-clone\\web\\node_modules\\has-symbols'
38 silly reify ]
39 silly reify mark retired [
39 silly reify   'C:\\Users\\DELL\\OneDrive - donga.edu.vn\\Documents\\healthcare-system-project-clone\\web\\node_modules\\hasown'
39 silly reify ]
40 silly reify mark retired [
40 silly reify   'C:\\Users\\DELL\\OneDrive - donga.edu.vn\\Documents\\healthcare-system-project-clone\\web\\node_modules\\get-intrinsic'
40 silly reify ]
41 silly reify mark retired [
41 silly reify   'C:\\Users\\DELL\\OneDrive - donga.edu.vn\\Documents\\healthcare-system-project-clone\\web\\node_modules\\has-tostringtag'
41 silly reify ]
42 silly reify mark retired [
42 silly reify   'C:\\Users\\DELL\\OneDrive - donga.edu.vn\\Documents\\healthcare-system-project-clone\\web\\node_modules\\js-tokens'
42 silly reify ]
43 silly reify mark retired [
43 silly reify   'C:\\Users\\DELL\\OneDrive - donga.edu.vn\\Documents\\healthcare-system-project-clone\\web\\node_modules\\get-proto'
43 silly reify ]
44 silly reify mark retired [
44 silly reify   'C:\\Users\\DELL\\OneDrive - donga.edu.vn\\Documents\\healthcare-system-project-clone\\web\\node_modules\\jsesc'
44 silly reify ]
45 silly reify mark retired [
45 silly reify   'C:\\Users\\DELL\\OneDrive - donga.edu.vn\\Documents\\healthcare-system-project-clone\\web\\node_modules\\loose-envify'
45 silly reify ]
46 silly reify mark retired [
46 silly reify   'C:\\Users\\DELL\\OneDrive - donga.edu.vn\\Documents\\healthcare-system-project-clone\\web\\node_modules\\lucide-react'
46 silly reify ]
47 silly reify mark retired [
47 silly reify   'C:\\Users\\DELL\\OneDrive - donga.edu.vn\\Documents\\healthcare-system-project-clone\\web\\node_modules\\json5'
47 silly reify ]
48 silly reify mark retired [
48 silly reify   'C:\\Users\\DELL\\OneDrive - donga.edu.vn\\Documents\\healthcare-system-project-clone\\web\\node_modules\\mime-db'
48 silly reify ]
49 silly reify mark retired [
49 silly reify   'C:\\Users\\DELL\\OneDrive - donga.edu.vn\\Documents\\healthcare-system-project-clone\\web\\node_modules\\lru-cache'
49 silly reify ]
50 silly reify mark retired [
50 silly reify   'C:\\Users\\DELL\\OneDrive - donga.edu.vn\\Documents\\healthcare-system-project-clone\\web\\node_modules\\mime-types'
50 silly reify ]
51 silly reify mark retired [
51 silly reify   'C:\\Users\\DELL\\OneDrive - donga.edu.vn\\Documents\\healthcare-system-project-clone\\web\\node_modules\\ms'
51 silly reify ]
52 silly reify mark retired [
52 silly reify   'C:\\Users\\DELL\\OneDrive - donga.edu.vn\\Documents\\healthcare-system-project-clone\\web\\node_modules\\nanoid'
52 silly reify ]
53 silly reify mark retired [
53 silly reify   'C:\\Users\\DELL\\OneDrive - donga.edu.vn\\Documents\\healthcare-system-project-clone\\web\\node_modules\\node-releases'
53 silly reify ]
54 silly reify mark retired [
54 silly reify   'C:\\Users\\DELL\\OneDrive - donga.edu.vn\\Documents\\healthcare-system-project-clone\\web\\node_modules\\math-intrinsics'
54 silly reify ]
55 silly reify mark retired [
55 silly reify   'C:\\Users\\DELL\\OneDrive - donga.edu.vn\\Documents\\healthcare-system-project-clone\\web\\node_modules\\postcss'
55 silly reify ]
56 silly reify mark retired [
56 silly reify   'C:\\Users\\DELL\\OneDrive - donga.edu.vn\\Documents\\healthcare-system-project-clone\\web\\node_modules\\picocolors'
56 silly reify ]
57 silly reify mark retired [
57 silly reify   'C:\\Users\\DELL\\OneDrive - donga.edu.vn\\Documents\\healthcare-system-project-clone\\web\\node_modules\\react-dom'
57 silly reify ]
58 silly reify mark retired [
58 silly reify   'C:\\Users\\DELL\\OneDrive - donga.edu.vn\\Documents\\healthcare-system-project-clone\\web\\node_modules\\react'
58 silly reify ]
59 silly reify mark retired [
59 silly reify   'C:\\Users\\DELL\\OneDrive - donga.edu.vn\\Documents\\healthcare-system-project-clone\\web\\node_modules\\proxy-from-env'
59 silly reify ]
60 silly reify mark retired [
60 silly reify   'C:\\Users\\DELL\\OneDrive - donga.edu.vn\\Documents\\healthcare-system-project-clone\\web\\node_modules\\react-refresh'
60 silly reify ]
61 silly reify mark retired [
61 silly reify   'C:\\Users\\DELL\\OneDrive - donga.edu.vn\\Documents\\healthcare-system-project-clone\\web\\node_modules\\react-router'
61 silly reify ]
62 silly reify mark retired [
62 silly reify   'C:\\Users\\DELL\\OneDrive - donga.edu.vn\\Documents\\healthcare-system-project-clone\\web\\node_modules\\rollup'
62 silly reify ]
63 silly reify mark retired [
63 silly reify   'C:\\Users\\DELL\\OneDrive - donga.edu.vn\\Documents\\healthcare-system-project-clone\\web\\node_modules\\scheduler'
63 silly reify ]
64 silly reify mark retired [
64 silly reify   'C:\\Users\\DELL\\OneDrive - donga.edu.vn\\Documents\\healthcare-system-project-clone\\web\\node_modules\\react-router-dom'
64 silly reify ]
65 silly reify mark retired [
65 silly reify   'C:\\Users\\DELL\\OneDrive - donga.edu.vn\\Documents\\healthcare-system-project-clone\\web\\node_modules\\semver'
65 silly reify ]
66 silly reify mark retired [
66 silly reify   'C:\\Users\\DELL\\OneDrive - donga.edu.vn\\Documents\\healthcare-system-project-clone\\web\\node_modules\\update-browserslist-db'
66 silly reify ]
67 silly reify mark retired [
67 silly reify   'C:\\Users\\DELL\\OneDrive - donga.edu.vn\\Documents\\healthcare-system-project-clone\\web\\node_modules\\source-map-js'
67 silly reify ]
68 silly reify mark retired [
68 silly reify   'C:\\Users\\DELL\\OneDrive - donga.edu.vn\\Documents\\healthcare-system-project-clone\\web\\node_modules\\yallist'
68 silly reify ]
69 silly reify mark retired [
69 silly reify   'C:\\Users\\DELL\\OneDrive - donga.edu.vn\\Documents\\healthcare-system-project-clone\\web\\node_modules\\vite'
69 silly reify ]
70 silly reify mark retired [
70 silly reify   'C:\\Users\\DELL\\OneDrive - donga.edu.vn\\Documents\\healthcare-system-project-clone\\web\\node_modules\\@babel\\code-frame'
70 silly reify ]
71 silly reify mark retired [
71 silly reify   'C:\\Users\\DELL\\OneDrive - donga.edu.vn\\Documents\\healthcare-system-project-clone\\web\\node_modules\\@babel\\compat-data'
71 silly reify ]
72 silly reify mark retired [
72 silly reify   'C:\\Users\\DELL\\OneDrive - donga.edu.vn\\Documents\\healthcare-system-project-clone\\web\\node_modules\\@babel\\helper-compilation-targets'
72 silly reify ]
73 silly reify mark retired [
73 silly reify   'C:\\Users\\DELL\\OneDrive - donga.edu.vn\\Documents\\healthcare-system-project-clone\\web\\node_modules\\@babel\\helper-globals'
73 silly reify ]
74 silly reify mark retired [
74 silly reify   'C:\\Users\\DELL\\OneDrive - donga.edu.vn\\Documents\\healthcare-system-project-clone\\web\\node_modules\\@babel\\helper-module-transforms'
74 silly reify ]
75 silly reify mark retired [
75 silly reify   'C:\\Users\\DELL\\OneDrive - donga.edu.vn\\Documents\\healthcare-system-project-clone\\web\\node_modules\\@babel\\helper-module-imports'
75 silly reify ]
76 silly reify mark retired [
76 silly reify   'C:\\Users\\DELL\\OneDrive - donga.edu.vn\\Documents\\healthcare-system-project-clone\\web\\node_modules\\@babel\\core'
76 silly reify ]
77 silly reify mark retired [
77 silly reify   'C:\\Users\\DELL\\OneDrive - donga.edu.vn\\Documents\\healthcare-system-project-clone\\web\\node_modules\\@babel\\generator'
77 silly reify ]
78 silly reify mark retired [
78 silly reify   'C:\\Users\\DELL\\OneDrive - donga.edu.vn\\Documents\\healthcare-system-project-clone\\web\\node_modules\\@babel\\helper-plugin-utils'
78 silly reify ]
79 silly reify mark retired [
79 silly reify   'C:\\Users\\DELL\\OneDrive - donga.edu.vn\\Documents\\healthcare-system-project-clone\\web\\node_modules\\@babel\\helper-string-parser'
79 silly reify ]
80 silly reify mark retired [
80 silly reify   'C:\\Users\\DELL\\OneDrive - donga.edu.vn\\Documents\\healthcare-system-project-clone\\web\\node_modules\\@babel\\helper-validator-identifier'
80 silly reify ]
81 silly reify mark retired [
81 silly reify   'C:\\Users\\DELL\\OneDrive - donga.edu.vn\\Documents\\healthcare-system-project-clone\\web\\node_modules\\@babel\\helpers'
81 silly reify ]
82 silly reify mark retired [
82 silly reify   'C:\\Users\\DELL\\OneDrive - donga.edu.vn\\Documents\\healthcare-system-project-clone\\web\\node_modules\\@babel\\helper-validator-option'
82 silly reify ]
83 silly reify mark retired [
83 silly reify   'C:\\Users\\DELL\\OneDrive - donga.edu.vn\\Documents\\healthcare-system-project-clone\\web\\node_modules\\@babel\\parser'
83 silly reify ]
84 silly reify mark retired [
84 silly reify   'C:\\Users\\DELL\\OneDrive - donga.edu.vn\\Documents\\healthcare-system-project-clone\\web\\node_modules\\@babel\\plugin-transform-react-jsx-self'
84 silly reify ]
85 silly reify mark retired [
85 silly reify   'C:\\Users\\DELL\\OneDrive - donga.edu.vn\\Documents\\healthcare-system-project-clone\\web\\node_modules\\@babel\\plugin-transform-react-jsx-source'
85 silly reify ]
86 silly reify mark retired [
86 silly reify   'C:\\Users\\DELL\\OneDrive - donga.edu.vn\\Documents\\healthcare-system-project-clone\\web\\node_modules\\@babel\\traverse'
86 silly reify ]
87 silly reify mark retired [
87 silly reify   'C:\\Users\\DELL\\OneDrive - donga.edu.vn\\Documents\\healthcare-system-project-clone\\web\\node_modules\\@jridgewell\\gen-mapping'
87 silly reify ]
88 silly reify mark retired [
88 silly reify   'C:\\Users\\DELL\\OneDrive - donga.edu.vn\\Documents\\healthcare-system-project-clone\\web\\node_modules\\@jridgewell\\resolve-uri'
88 silly reify ]
89 silly reify mark retired [
89 silly reify   'C:\\Users\\DELL\\OneDrive - donga.edu.vn\\Documents\\healthcare-system-project-clone\\web\\node_modules\\@babel\\types'
89 silly reify ]
90 silly reify mark retired [
90 silly reify   'C:\\Users\\DELL\\OneDrive - donga.edu.vn\\Documents\\healthcare-system-project-clone\\web\\node_modules\\@jridgewell\\remapping'
90 silly reify ]
91 silly reify mark retired [
91 silly reify   'C:\\Users\\DELL\\OneDrive - donga.edu.vn\\Documents\\healthcare-system-project-clone\\web\\node_modules\\@jridgewell\\sourcemap-codec'
91 silly reify ]
92 silly reify mark retired [
92 silly reify   'C:\\Users\\DELL\\OneDrive - donga.edu.vn\\Documents\\healthcare-system-project-clone\\web\\node_modules\\@jridgewell\\trace-mapping'
92 silly reify ]
93 silly reify mark retired [
93 silly reify   'C:\\Users\\DELL\\OneDrive - donga.edu.vn\\Documents\\healthcare-system-project-clone\\web\\node_modules\\@esbuild\\win32-x64'
93 silly reify ]
94 silly reify mark retired [
94 silly reify   'C:\\Users\\DELL\\OneDrive - donga.edu.vn\\Documents\\healthcare-system-project-clone\\web\\node_modules\\@rollup\\rollup-win32-x64-gnu'
94 silly reify ]
95 silly reify mark retired [
95 silly reify   'C:\\Users\\DELL\\OneDrive - donga.edu.vn\\Documents\\healthcare-system-project-clone\\web\\node_modules\\@rollup\\rollup-win32-x64-msvc'
95 silly reify ]
96 silly reify mark retired [
96 silly reify   'C:\\Users\\DELL\\OneDrive - donga.edu.vn\\Documents\\healthcare-system-project-clone\\web\\node_modules\\@remix-run\\router'
96 silly reify ]
97 silly reify mark retired [
97 silly reify   'C:\\Users\\DELL\\OneDrive - donga.edu.vn\\Documents\\healthcare-system-project-clone\\web\\node_modules\\@types\\babel__core'
97 silly reify ]
98 silly reify mark retired [
98 silly reify   'C:\\Users\\DELL\\OneDrive - donga.edu.vn\\Documents\\healthcare-system-project-clone\\web\\node_modules\\@types\\babel__traverse'
98 silly reify ]
99 silly reify mark retired [
99 silly reify   'C:\\Users\\DELL\\OneDrive - donga.edu.vn\\Documents\\healthcare-system-project-clone\\web\\node_modules\\@types\\babel__generator'
99 silly reify ]
100 silly reify mark retired [
100 silly reify   'C:\\Users\\DELL\\OneDrive - donga.edu.vn\\Documents\\healthcare-system-project-clone\\web\\node_modules\\@types\\estree'
100 silly reify ]
101 silly reify mark retired [
101 silly reify   'C:\\Users\\DELL\\OneDrive - donga.edu.vn\\Documents\\healthcare-system-project-clone\\web\\node_modules\\@types\\babel__template'
101 silly reify ]
102 silly reify mark retired [
102 silly reify   'C:\\Users\\DELL\\OneDrive - donga.edu.vn\\Documents\\healthcare-system-project-clone\\web\\node_modules\\@vitejs\\plugin-react'
102 silly reify ]
103 silly reify mark retired [
103 silly reify   'C:\\Users\\DELL\\OneDrive - donga.edu.vn\\Documents\\healthcare-system-project-clone\\web\\node_modules\\@rolldown\\pluginutils'
103 silly reify ]
104 silly reify mark retired [
104 silly reify   'C:\\Users\\DELL\\OneDrive - donga.edu.vn\\Documents\\healthcare-system-project-clone\\web\\node_modules\\@babel\\template'
104 silly reify ]
105 silly reify moves {
105 silly reify   'C:\\Users\\DELL\\OneDrive - donga.edu.vn\\Documents\\healthcare-system-project-clone\\web\\node_modules\\asynckit': 'C:\\Users\\DELL\\OneDrive - donga.edu.vn\\Documents\\healthcare-system-project-clone\\web\\node_modules\\.asynckit-54i16ZWr',
105 silly reify   'C:\\Users\\DELL\\OneDrive - donga.edu.vn\\Documents\\healthcare-system-project-clone\\web\\node_modules\\axios': 'C:\\Users\\DELL\\OneDrive - donga.edu.vn\\Documents\\healthcare-system-project-clone\\web\\node_modules\\.axios-5oWlYOim',
105 silly reify   'C:\\Users\\DELL\\OneDrive - donga.edu.vn\\Documents\\healthcare-system-project-clone\\web\\node_modules\\baseline-browser-mapping': 'C:\\Users\\DELL\\OneDrive - donga.edu.vn\\Documents\\healthcare-system-project-clone\\web\\node_modules\\.baseline-browser-mapping-Bd7qkiE4',
105 silly reify   'C:\\Users\\DELL\\OneDrive - donga.edu.vn\\Documents\\healthcare-system-project-clone\\web\\node_modules\\call-bind-apply-helpers': 'C:\\Users\\DELL\\OneDrive - donga.edu.vn\\Documents\\healthcare-system-project-clone\\web\\node_modules\\.call-bind-apply-helpers-I2ajoeK0',
105 silly reify   'C:\\Users\\DELL\\OneDrive - donga.edu.vn\\Documents\\healthcare-system-project-clone\\web\\node_modules\\caniuse-lite': 'C:\\Users\\DELL\\OneDrive - donga.edu.vn\\Documents\\healthcare-system-project-clone\\web\\node_modules\\.caniuse-lite-AA4hNlGG',
105 silly reify   'C:\\Users\\DELL\\OneDrive - donga.edu.vn\\Documents\\healthcare-system-project-clone\\web\\node_modules\\combined-stream': 'C:\\Users\\DELL\\OneDrive - donga.edu.vn\\Documents\\healthcare-system-project-clone\\web\\node_modules\\.combined-stream-OjHFXYHB',
105 silly reify   'C:\\Users\\DELL\\OneDrive - donga.edu.vn\\Documents\\healthcare-system-project-clone\\web\\node_modules\\browserslist': 'C:\\Users\\DELL\\OneDrive - donga.edu.vn\\Documents\\healthcare-system-project-clone\\web\\node_modules\\.browserslist-tU7oINbn',
105 silly reify   'C:\\Users\\DELL\\OneDrive - donga.edu.vn\\Documents\\healthcare-system-project-clone\\web\\node_modules\\debug': 'C:\\Users\\DELL\\OneDrive - donga.edu.vn\\Documents\\healthcare-system-project-clone\\web\\node_modules\\.debug-bTDwKe0K',
105 silly reify   'C:\\Users\\DELL\\OneDrive - donga.edu.vn\\Documents\\healthcare-system-project-clone\\web\\node_modules\\convert-source-map': 'C:\\Users\\DELL\\OneDrive - donga.edu.vn\\Documents\\healthcare-system-project-clone\\web\\node_modules\\.convert-source-map-tvKWzM0L',
105 silly reify   'C:\\Users\\DELL\\OneDrive - donga.edu.vn\\Documents\\healthcare-system-project-clone\\web\\node_modules\\delayed-stream': 'C:\\Users\\DELL\\OneDrive - donga.edu.vn\\Documents\\healthcare-system-project-clone\\web\\node_modules\\.delayed-stream-n2YKA24I',
105 silly reify   'C:\\Users\\DELL\\OneDrive - donga.edu.vn\\Documents\\healthcare-system-project-clone\\web\\node_modules\\electron-to-chromium': 'C:\\Users\\DELL\\OneDrive - donga.edu.vn\\Documents\\healthcare-system-project-clone\\web\\node_modules\\.electron-to-chromium-0R5MGNgR',
105 silly reify   'C:\\Users\\DELL\\OneDrive - donga.edu.vn\\Documents\\healthcare-system-project-clone\\web\\node_modules\\es-define-property': 'C:\\Users\\DELL\\OneDrive - donga.edu.vn\\Documents\\healthcare-system-project-clone\\web\\node_modules\\.es-define-property-axHXjyHW',
105 silly reify   'C:\\Users\\DELL\\OneDrive - donga.edu.vn\\Documents\\healthcare-system-project-clone\\web\\node_modules\\dunder-proto': 'C:\\Users\\DELL\\OneDrive - donga.edu.vn\\Documents\\healthcare-system-project-clone\\web\\node_modules\\.dunder-proto-VLLFOjKm',
105 silly reify   'C:\\Users\\DELL\\OneDrive - donga.edu.vn\\Documents\\healthcare-system-project-clone\\web\\node_modules\\es-errors': 'C:\\Users\\DELL\\OneDrive - donga.edu.vn\\Documents\\healthcare-system-project-clone\\web\\node_modules\\.es-errors-PQWXmiR1',
105 silly reify   'C:\\Users\\DELL\\OneDrive - donga.edu.vn\\Documents\\healthcare-system-project-clone\\web\\node_modules\\es-object-atoms': 'C:\\Users\\DELL\\OneDrive - donga.edu.vn\\Documents\\healthcare-system-project-clone\\web\\node_modules\\.es-object-atoms-LsMLTW0k',
105 silly reify   'C:\\Users\\DELL\\OneDrive - donga.edu.vn\\Documents\\healthcare-system-project-clone\\web\\node_modules\\es-set-tostringtag': 'C:\\Users\\DELL\\OneDrive - donga.edu.vn\\Documents\\healthcare-system-project-clone\\web\\node_modules\\.es-set-tostringtag-Q6GScQhb',
105 silly reify   'C:\\Users\\DELL\\OneDrive - donga.edu.vn\\Documents\\healthcare-system-project-clone\\web\\node_modules\\esbuild': 'C:\\Users\\DELL\\OneDrive - donga.edu.vn\\Documents\\healthcare-system-project-clone\\web\\node_modules\\.esbuild-j7a8McNT',
105 silly reify   'C:\\Users\\DELL\\OneDrive - donga.edu.vn\\Documents\\healthcare-system-project-clone\\web\\node_modules\\escalade': 'C:\\Users\\DELL\\OneDrive - donga.edu.vn\\Documents\\healthcare-system-project-clone\\web\\node_modules\\.escalade-axqajavf',
105 silly reify   'C:\\Users\\DELL\\OneDrive - donga.edu.vn\\Documents\\healthcare-system-project-clone\\web\\node_modules\\follow-redirects': 'C:\\Users\\DELL\\OneDrive - donga.edu.vn\\Documents\\healthcare-system-project-clone\\web\\node_modules\\.follow-redirects-dbFXoEpQ',
105 silly reify   'C:\\Users\\DELL\\OneDrive - donga.edu.vn\\Documents\\healthcare-system-project-clone\\web\\node_modules\\gensync': 'C:\\Users\\DELL\\OneDrive - donga.edu.vn\\Documents\\healthcare-system-project-clone\\web\\node_modules\\.gensync-WorMZ7NV',
105 silly reify   'C:\\Users\\DELL\\OneDrive - donga.edu.vn\\Documents\\healthcare-system-project-clone\\web\\node_modules\\function-bind': 'C:\\Users\\DELL\\OneDrive - donga.edu.vn\\Documents\\healthcare-system-project-clone\\web\\node_modules\\.function-bind-5GNzVBcC',
105 silly reify   'C:\\Users\\DELL\\OneDrive - donga.edu.vn\\Documents\\healthcare-system-project-clone\\web\\node_modules\\form-data': 'C:\\Users\\DELL\\OneDrive - donga.edu.vn\\Documents\\healthcare-system-project-clone\\web\\node_modules\\.form-data-pbZFk849',
105 silly reify   'C:\\Users\\DELL\\OneDrive - donga.edu.vn\\Documents\\healthcare-system-project-clone\\web\\node_modules\\gopd': 'C:\\Users\\DELL\\OneDrive - donga.edu.vn\\Documents\\healthcare-system-project-clone\\web\\node_modules\\.gopd-LiHxfjRg',
105 silly reify   'C:\\Users\\DELL\\OneDrive - donga.edu.vn\\Documents\\healthcare-system-project-clone\\web\\node_modules\\has-symbols': 'C:\\Users\\DELL\\OneDrive - donga.edu.vn\\Documents\\healthcare-system-project-clone\\web\\node_modules\\.has-symbols-iikpgpjb',
105 silly reify   'C:\\Users\\DELL\\OneDrive - donga.edu.vn\\Documents\\healthcare-system-project-clone\\web\\node_modules\\hasown': 'C:\\Users\\DELL\\OneDrive - donga.edu.vn\\Documents\\healthcare-system-project-clone\\web\\node_modules\\.hasown-p7c9iXuc',
105 silly reify   'C:\\Users\\DELL\\OneDrive - donga.edu.vn\\Documents\\healthcare-system-project-clone\\web\\node_modules\\get-intrinsic': 'C:\\Users\\DELL\\OneDrive - donga.edu.vn\\Documents\\healthcare-system-project-clone\\web\\node_modules\\.get-intrinsic-epdBhBOY',
105 silly reify   'C:\\Users\\DELL\\OneDrive - donga.edu.vn\\Documents\\healthcare-system-project-clone\\web\\node_modules\\has-tostringtag': 'C:\\Users\\DELL\\OneDrive - donga.edu.vn\\Documents\\healthcare-system-project-clone\\web\\node_modules\\.has-tostringtag-Z6HuSWMW',
105 silly reify   'C:\\Users\\DELL\\OneDrive - donga.edu.vn\\Documents\\healthcare-system-project-clone\\web\\node_modules\\js-tokens': 'C:\\Users\\DELL\\OneDrive - donga.edu.vn\\Documents\\healthcare-system-project-clone\\web\\node_modules\\.js-tokens-4iwyS0Qi',
105 silly reify   'C:\\Users\\DELL\\OneDrive - donga.edu.vn\\Documents\\healthcare-system-project-clone\\web\\node_modules\\get-proto': 'C:\\Users\\DELL\\OneDrive - donga.edu.vn\\Documents\\healthcare-system-project-clone\\web\\node_modules\\.get-proto-tGaLt6uV',
105 silly reify   'C:\\Users\\DELL\\OneDrive - donga.edu.vn\\Documents\\healthcare-system-project-clone\\web\\node_modules\\jsesc': 'C:\\Users\\DELL\\OneDrive - donga.edu.vn\\Documents\\healthcare-system-project-clone\\web\\node_modules\\.jsesc-M2DCBFKS',
105 silly reify   'C:\\Users\\DELL\\OneDrive - donga.edu.vn\\Documents\\healthcare-system-project-clone\\web\\node_modules\\loose-envify': 'C:\\Users\\DELL\\OneDrive - donga.edu.vn\\Documents\\healthcare-system-project-clone\\web\\node_modules\\.loose-envify-lM3c86RE',
105 silly reify   'C:\\Users\\DELL\\OneDrive - donga.edu.vn\\Documents\\healthcare-system-project-clone\\web\\node_modules\\lucide-react': 'C:\\Users\\DELL\\OneDrive - donga.edu.vn\\Documents\\healthcare-system-project-clone\\web\\node_modules\\.lucide-react-cm94YwvB',
105 silly reify   'C:\\Users\\DELL\\OneDrive - donga.edu.vn\\Documents\\healthcare-system-project-clone\\web\\node_modules\\json5': 'C:\\Users\\DELL\\OneDrive - donga.edu.vn\\Documents\\healthcare-system-project-clone\\web\\node_modules\\.json5-qsZrPI7n',
105 silly reify   'C:\\Users\\DELL\\OneDrive - donga.edu.vn\\Documents\\healthcare-system-project-clone\\web\\node_modules\\mime-db': 'C:\\Users\\DELL\\OneDrive - donga.edu.vn\\Documents\\healthcare-system-project-clone\\web\\node_modules\\.mime-db-GdO1BOYV',
105 silly reify   'C:\\Users\\DELL\\OneDrive - donga.edu.vn\\Documents\\healthcare-system-project-clone\\web\\node_modules\\lru-cache': 'C:\\Users\\DELL\\OneDrive - donga.edu.vn\\Documents\\healthcare-system-project-clone\\web\\node_modules\\.lru-cache-xJPxIvOD',
105 silly reify   'C:\\Users\\DELL\\OneDrive - donga.edu.vn\\Documents\\healthcare-system-project-clone\\web\\node_modules\\mime-types': 'C:\\Users\\DELL\\OneDrive - donga.edu.vn\\Documents\\healthcare-system-project-clone\\web\\node_modules\\.mime-types-3IoQIOTU',
105 silly reify   'C:\\Users\\DELL\\OneDrive - donga.edu.vn\\Documents\\healthcare-system-project-clone\\web\\node_modules\\ms': 'C:\\Users\\DELL\\OneDrive - donga.edu.vn\\Documents\\healthcare-system-project-clone\\web\\node_modules\\.ms-60bV9Q6m',
105 silly reify   'C:\\Users\\DELL\\OneDrive - donga.edu.vn\\Documents\\healthcare-system-project-clone\\web\\node_modules\\nanoid': 'C:\\Users\\DELL\\OneDrive - donga.edu.vn\\Documents\\healthcare-system-project-clone\\web\\node_modules\\.nanoid-6ywL7RWN',
105 silly reify   'C:\\Users\\DELL\\OneDrive - donga.edu.vn\\Documents\\healthcare-system-project-clone\\web\\node_modules\\node-releases': 'C:\\Users\\DELL\\OneDrive - donga.edu.vn\\Documents\\healthcare-system-project-clone\\web\\node_modules\\.node-releases-X0fOf4xH',
105 silly reify   'C:\\Users\\DELL\\OneDrive - donga.edu.vn\\Documents\\healthcare-system-project-clone\\web\\node_modules\\math-intrinsics': 'C:\\Users\\DELL\\OneDrive - donga.edu.vn\\Documents\\healthcare-system-project-clone\\web\\node_modules\\.math-intrinsics-UR3M93j0',
105 silly reify   'C:\\Users\\DELL\\OneDrive - donga.edu.vn\\Documents\\healthcare-system-project-clone\\web\\node_modules\\postcss': 'C:\\Users\\DELL\\OneDrive - donga.edu.vn\\Documents\\healthcare-system-project-clone\\web\\node_modules\\.postcss-J7pWlXh1',
105 silly reify   'C:\\Users\\DELL\\OneDrive - donga.edu.vn\\Documents\\healthcare-system-project-clone\\web\\node_modules\\picocolors': 'C:\\Users\\DELL\\OneDrive - donga.edu.vn\\Documents\\healthcare-system-project-clone\\web\\node_modules\\.picocolors-pfVOylPP',
105 silly reify   'C:\\Users\\DELL\\OneDrive - donga.edu.vn\\Documents\\healthcare-system-project-clone\\web\\node_modules\\react-dom': 'C:\\Users\\DELL\\OneDrive - donga.edu.vn\\Documents\\healthcare-system-project-clone\\web\\node_modules\\.react-dom-HBEwkzvx',
105 silly reify   'C:\\Users\\DELL\\OneDrive - donga.edu.vn\\Documents\\healthcare-system-project-clone\\web\\node_modules\\react': 'C:\\Users\\DELL\\OneDrive - donga.edu.vn\\Documents\\healthcare-system-project-clone\\web\\node_modules\\.react-mxsUvB15',
105 silly reify   'C:\\Users\\DELL\\OneDrive - donga.edu.vn\\Documents\\healthcare-system-project-clone\\web\\node_modules\\proxy-from-env': 'C:\\Users\\DELL\\OneDrive - donga.edu.vn\\Documents\\healthcare-system-project-clone\\web\\node_modules\\.proxy-from-env-X0XzkSsW',
105 silly reify   'C:\\Users\\DELL\\OneDrive - donga.edu.vn\\Documents\\healthcare-system-project-clone\\web\\node_modules\\react-refresh': 'C:\\Users\\DELL\\OneDrive - donga.edu.vn\\Documents\\healthcare-system-project-clone\\web\\node_modules\\.react-refresh-u5ape6vj',
105 silly reify   'C:\\Users\\DELL\\OneDrive - donga.edu.vn\\Documents\\healthcare-system-project-clone\\web\\node_modules\\react-router': 'C:\\Users\\DELL\\OneDrive - donga.edu.vn\\Documents\\healthcare-system-project-clone\\web\\node_modules\\.react-router-TvvHmAYm',
105 silly reify   'C:\\Users\\DELL\\OneDrive - donga.edu.vn\\Documents\\healthcare-system-project-clone\\web\\node_modules\\rollup': 'C:\\Users\\DELL\\OneDrive - donga.edu.vn\\Documents\\healthcare-system-project-clone\\web\\node_modules\\.rollup-PpxwAYcP',
105 silly reify   'C:\\Users\\DELL\\OneDrive - donga.edu.vn\\Documents\\healthcare-system-project-clone\\web\\node_modules\\scheduler': 'C:\\Users\\DELL\\OneDrive - donga.edu.vn\\Documents\\healthcare-system-project-clone\\web\\node_modules\\.scheduler-YyibsBIV',
105 silly reify   'C:\\Users\\DELL\\OneDrive - donga.edu.vn\\Documents\\healthcare-system-project-clone\\web\\node_modules\\react-router-dom': 'C:\\Users\\DELL\\OneDrive - donga.edu.vn\\Documents\\healthcare-system-project-clone\\web\\node_modules\\.react-router-dom-TH9gtUqc',
105 silly reify   'C:\\Users\\DELL\\OneDrive - donga.edu.vn\\Documents\\healthcare-system-project-clone\\web\\node_modules\\semver': 'C:\\Users\\DELL\\OneDrive - donga.edu.vn\\Documents\\healthcare-system-project-clone\\web\\node_modules\\.semver-9VZzId57',
105 silly reify   'C:\\Users\\DELL\\OneDrive - donga.edu.vn\\Documents\\healthcare-system-project-clone\\web\\node_modules\\update-browserslist-db': 'C:\\Users\\DELL\\OneDrive - donga.edu.vn\\Documents\\healthcare-system-project-clone\\web\\node_modules\\.update-browserslist-db-ar53m1a9',
105 silly reify   'C:\\Users\\DELL\\OneDrive - donga.edu.vn\\Documents\\healthcare-system-project-clone\\web\\node_modules\\source-map-js': 'C:\\Users\\DELL\\OneDrive - donga.edu.vn\\Documents\\healthcare-system-project-clone\\web\\node_modules\\.source-map-js-MnK995nP',
105 silly reify   'C:\\Users\\DELL\\OneDrive - donga.edu.vn\\Documents\\healthcare-system-project-clone\\web\\node_modules\\yallist': 'C:\\Users\\DELL\\OneDrive - donga.edu.vn\\Documents\\healthcare-system-project-clone\\web\\node_modules\\.yallist-A5joAGoT',
105 silly reify   'C:\\Users\\DELL\\OneDrive - donga.edu.vn\\Documents\\healthcare-system-project-clone\\web\\node_modules\\vite': 'C:\\Users\\DELL\\OneDrive - donga.edu.vn\\Documents\\healthcare-system-project-clone\\web\\node_modules\\.vite-ihzVqz5t',
105 silly reify   'C:\\Users\\DELL\\OneDrive - donga.edu.vn\\Documents\\healthcare-system-project-clone\\web\\node_modules\\@babel\\code-frame': 'C:\\Users\\DELL\\OneDrive - donga.edu.vn\\Documents\\healthcare-system-project-clone\\web\\node_modules\\@babel\\.code-frame-yqmw5lVz',
105 silly reify   'C:\\Users\\DELL\\OneDrive - donga.edu.vn\\Documents\\healthcare-system-project-clone\\web\\node_modules\\@babel\\compat-data': 'C:\\Users\\DELL\\OneDrive - donga.edu.vn\\Documents\\healthcare-system-project-clone\\web\\node_modules\\@babel\\.compat-data-jkKjwac3',
105 silly reify   'C:\\Users\\DELL\\OneDrive - donga.edu.vn\\Documents\\healthcare-system-project-clone\\web\\node_modules\\@babel\\helper-compilation-targets': 'C:\\Users\\DELL\\OneDrive - donga.edu.vn\\Documents\\healthcare-system-project-clone\\web\\node_modules\\@babel\\.helper-compilation-targets-GyupHbj3',
105 silly reify   'C:\\Users\\DELL\\OneDrive - donga.edu.vn\\Documents\\healthcare-system-project-clone\\web\\node_modules\\@babel\\helper-globals': 'C:\\Users\\DELL\\OneDrive - donga.edu.vn\\Documents\\healthcare-system-project-clone\\web\\node_modules\\@babel\\.helper-globals-OcNdiuoy',
105 silly reify   'C:\\Users\\DELL\\OneDrive - donga.edu.vn\\Documents\\healthcare-system-project-clone\\web\\node_modules\\@babel\\helper-module-transforms': 'C:\\Users\\DELL\\OneDrive - donga.edu.vn\\Documents\\healthcare-system-project-clone\\web\\node_modules\\@babel\\.helper-module-transforms-h7XNMlFb',
105 silly reify   'C:\\Users\\DELL\\OneDrive - donga.edu.vn\\Documents\\healthcare-system-project-clone\\web\\node_modules\\@babel\\helper-module-imports': 'C:\\Users\\DELL\\OneDrive - donga.edu.vn\\Documents\\healthcare-system-project-clone\\web\\node_modules\\@babel\\.helper-module-imports-7JDkRa57',
105 silly reify   'C:\\Users\\DELL\\OneDrive - donga.edu.vn\\Documents\\healthcare-system-project-clone\\web\\node_modules\\@babel\\core': 'C:\\Users\\DELL\\OneDrive - donga.edu.vn\\Documents\\healthcare-system-project-clone\\web\\node_modules\\@babel\\.core-xw1jG0eG',
105 silly reify   'C:\\Users\\DELL\\OneDrive - donga.edu.vn\\Documents\\healthcare-system-project-clone\\web\\node_modules\\@babel\\generator': 'C:\\Users\\DELL\\OneDrive - donga.edu.vn\\Documents\\healthcare-system-project-clone\\web\\node_modules\\@babel\\.generator-LrJPgKdN',
105 silly reify   'C:\\Users\\DELL\\OneDrive - donga.edu.vn\\Documents\\healthcare-system-project-clone\\web\\node_modules\\@babel\\helper-plugin-utils': 'C:\\Users\\DELL\\OneDrive - donga.edu.vn\\Documents\\healthcare-system-project-clone\\web\\node_modules\\@babel\\.helper-plugin-utils-h8o3yQua',
105 silly reify   'C:\\Users\\DELL\\OneDrive - donga.edu.vn\\Documents\\healthcare-system-project-clone\\web\\node_modules\\@babel\\helper-string-parser': 'C:\\Users\\DELL\\OneDrive - donga.edu.vn\\Documents\\healthcare-system-project-clone\\web\\node_modules\\@babel\\.helper-string-parser-OL8bKXaP',
105 silly reify   'C:\\Users\\DELL\\OneDrive - donga.edu.vn\\Documents\\healthcare-system-project-clone\\web\\node_modules\\@babel\\helper-validator-identifier': 'C:\\Users\\DELL\\OneDrive - donga.edu.vn\\Documents\\healthcare-system-project-clone\\web\\node_modules\\@babel\\.helper-validator-identifier-x0Y7YJhm',
105 silly reify   'C:\\Users\\DELL\\OneDrive - donga.edu.vn\\Documents\\healthcare-system-project-clone\\web\\node_modules\\@babel\\helpers': 'C:\\Users\\DELL\\OneDrive - donga.edu.vn\\Documents\\healthcare-system-project-clone\\web\\node_modules\\@babel\\.helpers-VxOOltLC',
105 silly reify   'C:\\Users\\DELL\\OneDrive - donga.edu.vn\\Documents\\healthcare-system-project-clone\\web\\node_modules\\@babel\\helper-validator-option': 'C:\\Users\\DELL\\OneDrive - donga.edu.vn\\Documents\\healthcare-system-project-clone\\web\\node_modules\\@babel\\.helper-validator-option-bjdY8bk2',
105 silly reify   'C:\\Users\\DELL\\OneDrive - donga.edu.vn\\Documents\\healthcare-system-project-clone\\web\\node_modules\\@babel\\parser': 'C:\\Users\\DELL\\OneDrive - donga.edu.vn\\Documents\\healthcare-system-project-clone\\web\\node_modules\\@babel\\.parser-BYJTRL5y',
105 silly reify   'C:\\Users\\DELL\\OneDrive - donga.edu.vn\\Documents\\healthcare-system-project-clone\\web\\node_modules\\@babel\\plugin-transform-react-jsx-self': 'C:\\Users\\DELL\\OneDrive - donga.edu.vn\\Documents\\healthcare-system-project-clone\\web\\node_modules\\@babel\\.plugin-transform-react-jsx-self-KeAQYbw0',
105 silly reify   'C:\\Users\\DELL\\OneDrive - donga.edu.vn\\Documents\\healthcare-system-project-clone\\web\\node_modules\\@babel\\plugin-transform-react-jsx-source': 'C:\\Users\\DELL\\OneDrive - donga.edu.vn\\Documents\\healthcare-system-project-clone\\web\\node_modules\\@babel\\.plugin-transform-react-jsx-source-pkOUjnXR',
105 silly reify   'C:\\Users\\DELL\\OneDrive - donga.edu.vn\\Documents\\healthcare-system-project-clone\\web\\node_modules\\@babel\\traverse': 'C:\\Users\\DELL\\OneDrive - donga.edu.vn\\Documents\\healthcare-system-project-clone\\web\\node_modules\\@babel\\.traverse-Kuh6uUvc',
105 silly reify   'C:\\Users\\DELL\\OneDrive - donga.edu.vn\\Documents\\healthcare-system-project-clone\\web\\node_modules\\@jridgewell\\gen-mapping': 'C:\\Users\\DELL\\OneDrive - donga.edu.vn\\Documents\\healthcare-system-project-clone\\web\\node_modules\\@jridgewell\\.gen-mapping-0vit2YKn',
105 silly reify   'C:\\Users\\DELL\\OneDrive - donga.edu.vn\\Documents\\healthcare-system-project-clone\\web\\node_modules\\@jridgewell\\resolve-uri': 'C:\\Users\\DELL\\OneDrive - donga.edu.vn\\Documents\\healthcare-system-project-clone\\web\\node_modules\\@jridgewell\\.resolve-uri-HhJbDxLt',
105 silly reify   'C:\\Users\\DELL\\OneDrive - donga.edu.vn\\Documents\\healthcare-system-project-clone\\web\\node_modules\\@babel\\types': 'C:\\Users\\DELL\\OneDrive - donga.edu.vn\\Documents\\healthcare-system-project-clone\\web\\node_modules\\@babel\\.types-fHZtnFxp',
105 silly reify   'C:\\Users\\DELL\\OneDrive - donga.edu.vn\\Documents\\healthcare-system-project-clone\\web\\node_modules\\@jridgewell\\remapping': 'C:\\Users\\DELL\\OneDrive - donga.edu.vn\\Documents\\healthcare-system-project-clone\\web\\node_modules\\@jridgewell\\.remapping-an7DhAfF',
105 silly reify   'C:\\Users\\DELL\\OneDrive - donga.edu.vn\\Documents\\healthcare-system-project-clone\\web\\node_modules\\@jridgewell\\sourcemap-codec': 'C:\\Users\\DELL\\OneDrive - donga.edu.vn\\Documents\\healthcare-system-project-clone\\web\\node_modules\\@jridgewell\\.sourcemap-codec-VJUfNz7q',
105 silly reify   'C:\\Users\\DELL\\OneDrive - donga.edu.vn\\Documents\\healthcare-system-project-clone\\web\\node_modules\\@jridgewell\\trace-mapping': 'C:\\Users\\DELL\\OneDrive - donga.edu.vn\\Documents\\healthcare-system-project-clone\\web\\node_modules\\@jridgewell\\.trace-mapping-tAeasgwP',
105 silly reify   'C:\\Users\\DELL\\OneDrive - donga.edu.vn\\Documents\\healthcare-system-project-clone\\web\\node_modules\\@esbuild\\win32-x64': 'C:\\Users\\DELL\\OneDrive - donga.edu.vn\\Documents\\healthcare-system-project-clone\\web\\node_modules\\@esbuild\\.win32-x64-5UETzg7I',
105 silly reify   'C:\\Users\\DELL\\OneDrive - donga.edu.vn\\Documents\\healthcare-system-project-clone\\web\\node_modules\\@rollup\\rollup-win32-x64-gnu': 'C:\\Users\\DELL\\OneDrive - donga.edu.vn\\Documents\\healthcare-system-project-clone\\web\\node_modules\\@rollup\\.rollup-win32-x64-gnu-Sw5xXSMV',
105 silly reify   'C:\\Users\\DELL\\OneDrive - donga.edu.vn\\Documents\\healthcare-system-project-clone\\web\\node_modules\\@rollup\\rollup-win32-x64-msvc': 'C:\\Users\\DELL\\OneDrive - donga.edu.vn\\Documents\\healthcare-system-project-clone\\web\\node_modules\\@rollup\\.rollup-win32-x64-msvc-XiApgmmU',
105 silly reify   'C:\\Users\\DELL\\OneDrive - donga.edu.vn\\Documents\\healthcare-system-project-clone\\web\\node_modules\\@remix-run\\router': 'C:\\Users\\DELL\\OneDrive - donga.edu.vn\\Documents\\healthcare-system-project-clone\\web\\node_modules\\@remix-run\\.router-kWjMH4qt',
105 silly reify   'C:\\Users\\DELL\\OneDrive - donga.edu.vn\\Documents\\healthcare-system-project-clone\\web\\node_modules\\@types\\babel__core': 'C:\\Users\\DELL\\OneDrive - donga.edu.vn\\Documents\\healthcare-system-project-clone\\web\\node_modules\\@types\\.babel__core-ckluQ00H',
105 silly reify   'C:\\Users\\DELL\\OneDrive - donga.edu.vn\\Documents\\healthcare-system-project-clone\\web\\node_modules\\@types\\babel__traverse': 'C:\\Users\\DELL\\OneDrive - donga.edu.vn\\Documents\\healthcare-system-project-clone\\web\\node_modules\\@types\\.babel__traverse-jOtKypJu',
105 silly reify   'C:\\Users\\DELL\\OneDrive - donga.edu.vn\\Documents\\healthcare-system-project-clone\\web\\node_modules\\@types\\babel__generator': 'C:\\Users\\DELL\\OneDrive - donga.edu.vn\\Documents\\healthcare-system-project-clone\\web\\node_modules\\@types\\.babel__generator-vLr3bmOL',
105 silly reify   'C:\\Users\\DELL\\OneDrive - donga.edu.vn\\Documents\\healthcare-system-project-clone\\web\\node_modules\\@types\\estree': 'C:\\Users\\DELL\\OneDrive - donga.edu.vn\\Documents\\healthcare-system-project-clone\\web\\node_modules\\@types\\.estree-XKG2nLxH',
105 silly reify   'C:\\Users\\DELL\\OneDrive - donga.edu.vn\\Documents\\healthcare-system-project-clone\\web\\node_modules\\@types\\babel__template': 'C:\\Users\\DELL\\OneDrive - donga.edu.vn\\Documents\\healthcare-system-project-clone\\web\\node_modules\\@types\\.babel__template-mij3HjXs',
105 silly reify   'C:\\Users\\DELL\\OneDrive - donga.edu.vn\\Documents\\healthcare-system-project-clone\\web\\node_modules\\@vitejs\\plugin-react': 'C:\\Users\\DELL\\OneDrive - donga.edu.vn\\Documents\\healthcare-system-project-clone\\web\\node_modules\\@vitejs\\.plugin-react-0Jfbmhpa',
105 silly reify   'C:\\Users\\DELL\\OneDrive - donga.edu.vn\\Documents\\healthcare-system-project-clone\\web\\node_modules\\@rolldown\\pluginutils': 'C:\\Users\\DELL\\OneDrive - donga.edu.vn\\Documents\\healthcare-system-project-clone\\web\\node_modules\\@rolldown\\.pluginutils-3J2iKP8L',
105 silly reify   'C:\\Users\\DELL\\OneDrive - donga.edu.vn\\Documents\\healthcare-system-project-clone\\web\\node_modules\\@babel\\template': 'C:\\Users\\DELL\\OneDrive - donga.edu.vn\\Documents\\healthcare-system-project-clone\\web\\node_modules\\@babel\\.template-nImFDUds'
105 silly reify }
106 http cache @types/babel__template@https://registry.npmjs.org/@types/babel__template/-/babel__template-7.4.4.tgz 1ms (cache hit)
107 http cache @babel/template@https://registry.npmjs.org/@babel/template/-/template-7.28.6.tgz 0ms (cache hit)
108 http cache @vitejs/plugin-react@https://registry.npmjs.org/@vitejs/plugin-react/-/plugin-react-4.7.0.tgz 0ms (cache hit)
109 http cache @rolldown/pluginutils@https://registry.npmjs.org/@rolldown/pluginutils/-/pluginutils-1.0.0-beta.27.tgz 0ms (cache hit)
110 http cache @types/estree@https://registry.npmjs.org/@types/estree/-/estree-1.0.8.tgz 0ms (cache hit)
111 http cache @types/babel__traverse@https://registry.npmjs.org/@types/babel__traverse/-/babel__traverse-7.28.0.tgz 0ms (cache hit)
112 http cache @types/babel__generator@https://registry.npmjs.org/@types/babel__generator/-/babel__generator-7.27.0.tgz 0ms (cache hit)
113 http cache @remix-run/router@https://registry.npmjs.org/@remix-run/router/-/router-1.23.2.tgz 0ms (cache hit)
114 http cache @types/babel__core@https://registry.npmjs.org/@types/babel__core/-/babel__core-7.20.5.tgz 0ms (cache hit)
115 http cache @esbuild/win32-x64@https://registry.npmjs.org/@esbuild/win32-x64/-/win32-x64-0.21.5.tgz 0ms (cache hit)
116 http cache @rollup/rollup-win32-x64-gnu@https://registry.npmjs.org/@rollup/rollup-win32-x64-gnu/-/rollup-win32-x64-gnu-4.60.0.tgz 0ms (cache hit)
117 http cache @rollup/rollup-win32-x64-msvc@https://registry.npmjs.org/@rollup/rollup-win32-x64-msvc/-/rollup-win32-x64-msvc-4.60.0.tgz 0ms (cache hit)
118 http cache @babel/types@https://registry.npmjs.org/@babel/types/-/types-7.29.0.tgz 0ms (cache hit)
119 http cache @jridgewell/trace-mapping@https://registry.npmjs.org/@jridgewell/trace-mapping/-/trace-mapping-0.3.31.tgz 0ms (cache hit)
120 http cache @jridgewell/sourcemap-codec@https://registry.npmjs.org/@jridgewell/sourcemap-codec/-/sourcemap-codec-1.5.5.tgz 0ms (cache hit)
121 http cache @jridgewell/remapping@https://registry.npmjs.org/@jridgewell/remapping/-/remapping-2.3.5.tgz 0ms (cache hit)
122 http cache @jridgewell/gen-mapping@https://registry.npmjs.org/@jridgewell/gen-mapping/-/gen-mapping-0.3.13.tgz 0ms (cache hit)
123 http cache @babel/traverse@https://registry.npmjs.org/@babel/traverse/-/traverse-7.29.0.tgz 0ms (cache hit)
124 http cache @jridgewell/resolve-uri@https://registry.npmjs.org/@jridgewell/resolve-uri/-/resolve-uri-3.1.2.tgz 0ms (cache hit)
125 http cache @babel/parser@https://registry.npmjs.org/@babel/parser/-/parser-7.29.2.tgz 0ms (cache hit)
126 http cache @babel/plugin-transform-react-jsx-self@https://registry.npmjs.org/@babel/plugin-transform-react-jsx-self/-/plugin-transform-react-jsx-self-7.27.1.tgz 0ms (cache hit)
127 http cache @babel/helper-validator-identifier@https://registry.npmjs.org/@babel/helper-validator-identifier/-/helper-validator-identifier-7.28.5.tgz 0ms (cache hit)
128 http cache @babel/helper-string-parser@https://registry.npmjs.org/@babel/helper-string-parser/-/helper-string-parser-7.27.1.tgz 0ms (cache hit)
129 http cache @babel/helper-plugin-utils@https://registry.npmjs.org/@babel/helper-plugin-utils/-/helper-plugin-utils-7.28.6.tgz 0ms (cache hit)
130 http cache @babel/generator@https://registry.npmjs.org/@babel/generator/-/generator-7.29.1.tgz 0ms (cache hit)
131 http cache @babel/core@https://registry.npmjs.org/@babel/core/-/core-7.29.0.tgz 0ms (cache hit)
132 http cache @babel/helper-validator-option@https://registry.npmjs.org/@babel/helper-validator-option/-/helper-validator-option-7.27.1.tgz 0ms (cache hit)
133 http cache @babel/helper-module-transforms@https://registry.npmjs.org/@babel/helper-module-transforms/-/helper-module-transforms-7.28.6.tgz 0ms (cache hit)
134 http cache @babel/helper-module-imports@https://registry.npmjs.org/@babel/helper-module-imports/-/helper-module-imports-7.28.6.tgz 0ms (cache hit)
135 http cache @babel/helper-globals@https://registry.npmjs.org/@babel/helper-globals/-/helper-globals-7.28.0.tgz 0ms (cache hit)
136 http cache @babel/helpers@https://registry.npmjs.org/@babel/helpers/-/helpers-7.29.2.tgz 0ms (cache hit)
137 http cache yallist@https://registry.npmjs.org/yallist/-/yallist-3.1.1.tgz 0ms (cache hit)
138 http cache source-map-js@https://registry.npmjs.org/source-map-js/-/source-map-js-1.2.1.tgz 0ms (cache hit)
139 http cache @babel/compat-data@https://registry.npmjs.org/@babel/compat-data/-/compat-data-7.29.0.tgz 0ms (cache hit)
140 http cache @babel/helper-compilation-targets@https://registry.npmjs.org/@babel/helper-compilation-targets/-/helper-compilation-targets-7.28.6.tgz 0ms (cache hit)
141 http cache @babel/code-frame@https://registry.npmjs.org/@babel/code-frame/-/code-frame-7.29.0.tgz 0ms (cache hit)
142 http cache update-browserslist-db@https://registry.npmjs.org/update-browserslist-db/-/update-browserslist-db-1.2.3.tgz 0ms (cache hit)
143 http cache react-router-dom@https://registry.npmjs.org/react-router-dom/-/react-router-dom-6.30.3.tgz 0ms (cache hit)
144 http cache semver@https://registry.npmjs.org/semver/-/semver-6.3.1.tgz 0ms (cache hit)
145 http cache vite@https://registry.npmjs.org/vite/-/vite-5.4.21.tgz 0ms (cache hit)
146 http cache rollup@https://registry.npmjs.org/rollup/-/rollup-4.60.0.tgz 0ms (cache hit)
147 http cache scheduler@https://registry.npmjs.org/scheduler/-/scheduler-0.23.2.tgz 0ms (cache hit)
148 http cache react-refresh@https://registry.npmjs.org/react-refresh/-/react-refresh-0.17.0.tgz 0ms (cache hit)
149 http cache react@https://registry.npmjs.org/react/-/react-18.3.1.tgz 0ms (cache hit)
150 http cache proxy-from-env@https://registry.npmjs.org/proxy-from-env/-/proxy-from-env-2.1.0.tgz 0ms (cache hit)
151 http cache react-dom@https://registry.npmjs.org/react-dom/-/react-dom-18.3.1.tgz 0ms (cache hit)
152 http cache picocolors@https://registry.npmjs.org/picocolors/-/picocolors-1.1.1.tgz 0ms (cache hit)
153 http cache postcss@https://registry.npmjs.org/postcss/-/postcss-8.5.8.tgz 0ms (cache hit)
154 http cache math-intrinsics@https://registry.npmjs.org/math-intrinsics/-/math-intrinsics-1.1.0.tgz 0ms (cache hit)
155 http cache node-releases@https://registry.npmjs.org/node-releases/-/node-releases-2.0.36.tgz 0ms (cache hit)
156 http cache ms@https://registry.npmjs.org/ms/-/ms-2.1.3.tgz 0ms (cache hit)
157 http cache mime-types@https://registry.npmjs.org/mime-types/-/mime-types-2.1.35.tgz 0ms (cache hit)
158 http cache nanoid@https://registry.npmjs.org/nanoid/-/nanoid-3.3.11.tgz 0ms (cache hit)
159 http cache lru-cache@https://registry.npmjs.org/lru-cache/-/lru-cache-5.1.1.tgz 0ms (cache hit)
160 http cache mime-db@https://registry.npmjs.org/mime-db/-/mime-db-1.52.0.tgz 0ms (cache hit)
161 http cache react-router@https://registry.npmjs.org/react-router/-/react-router-6.30.3.tgz 0ms (cache hit)
162 http cache lucide-react@https://registry.npmjs.org/lucide-react/-/lucide-react-1.11.0.tgz 0ms (cache hit)
163 http cache @babel/plugin-transform-react-jsx-source@https://registry.npmjs.org/@babel/plugin-transform-react-jsx-source/-/plugin-transform-react-jsx-source-7.27.1.tgz 0ms (cache hit)
164 http cache json5@https://registry.npmjs.org/json5/-/json5-2.2.3.tgz 0ms (cache hit)
165 http cache loose-envify@https://registry.npmjs.org/loose-envify/-/loose-envify-1.4.0.tgz 0ms (cache hit)
166 http cache jsesc@https://registry.npmjs.org/jsesc/-/jsesc-3.1.0.tgz 0ms (cache hit)
167 http cache get-proto@https://registry.npmjs.org/get-proto/-/get-proto-1.0.1.tgz 0ms (cache hit)
168 http cache get-intrinsic@https://registry.npmjs.org/get-intrinsic/-/get-intrinsic-1.3.0.tgz 0ms (cache hit)
169 http cache js-tokens@https://registry.npmjs.org/js-tokens/-/js-tokens-4.0.0.tgz 0ms (cache hit)
170 http cache has-tostringtag@https://registry.npmjs.org/has-tostringtag/-/has-tostringtag-1.0.2.tgz 0ms (cache hit)
171 http cache hasown@https://registry.npmjs.org/hasown/-/hasown-2.0.2.tgz 0ms (cache hit)
172 http cache has-symbols@https://registry.npmjs.org/has-symbols/-/has-symbols-1.1.0.tgz 0ms (cache hit)
173 http cache gopd@https://registry.npmjs.org/gopd/-/gopd-1.2.0.tgz 0ms (cache hit)
174 http cache function-bind@https://registry.npmjs.org/function-bind/-/function-bind-1.1.2.tgz 0ms (cache hit)
175 http cache form-data@https://registry.npmjs.org/form-data/-/form-data-4.0.5.tgz 0ms (cache hit)
176 http cache gensync@https://registry.npmjs.org/gensync/-/gensync-1.0.0-beta.2.tgz 0ms (cache hit)
177 http cache escalade@https://registry.npmjs.org/escalade/-/escalade-3.2.0.tgz 0ms (cache hit)
178 http cache follow-redirects@https://registry.npmjs.org/follow-redirects/-/follow-redirects-1.15.11.tgz 0ms (cache hit)
179 http cache esbuild@https://registry.npmjs.org/esbuild/-/esbuild-0.21.5.tgz 0ms (cache hit)
180 http cache es-object-atoms@https://registry.npmjs.org/es-object-atoms/-/es-object-atoms-1.1.1.tgz 0ms (cache hit)
181 http cache es-errors@https://registry.npmjs.org/es-errors/-/es-errors-1.3.0.tgz 0ms (cache hit)
182 http cache es-set-tostringtag@https://registry.npmjs.org/es-set-tostringtag/-/es-set-tostringtag-2.1.0.tgz 0ms (cache hit)
183 http cache dunder-proto@https://registry.npmjs.org/dunder-proto/-/dunder-proto-1.0.1.tgz 0ms (cache hit)
184 http cache es-define-property@https://registry.npmjs.org/es-define-property/-/es-define-property-1.0.1.tgz 0ms (cache hit)
185 http cache convert-source-map@https://registry.npmjs.org/convert-source-map/-/convert-source-map-2.0.0.tgz 0ms (cache hit)
186 http cache electron-to-chromium@https://registry.npmjs.org/electron-to-chromium/-/electron-to-chromium-1.5.328.tgz 0ms (cache hit)
187 http cache debug@https://registry.npmjs.org/debug/-/debug-4.4.3.tgz 0ms (cache hit)
188 http cache delayed-stream@https://registry.npmjs.org/delayed-stream/-/delayed-stream-1.0.0.tgz 0ms (cache hit)
189 http cache browserslist@https://registry.npmjs.org/browserslist/-/browserslist-4.28.1.tgz 0ms (cache hit)
190 http cache combined-stream@https://registry.npmjs.org/combined-stream/-/combined-stream-1.0.8.tgz 0ms (cache hit)
191 http cache caniuse-lite@https://registry.npmjs.org/caniuse-lite/-/caniuse-lite-1.0.30001781.tgz 0ms (cache hit)
192 http cache call-bind-apply-helpers@https://registry.npmjs.org/call-bind-apply-helpers/-/call-bind-apply-helpers-1.0.2.tgz 0ms (cache hit)
193 silly tarball no local data for @types/babel__template@https://registry.npmjs.org/@types/babel__template/-/babel__template-7.4.4.tgz. Extracting by manifest.
194 silly tarball no local data for @babel/template@https://registry.npmjs.org/@babel/template/-/template-7.28.6.tgz. Extracting by manifest.
195 silly tarball no local data for @vitejs/plugin-react@https://registry.npmjs.org/@vitejs/plugin-react/-/plugin-react-4.7.0.tgz. Extracting by manifest.
196 silly tarball no local data for @rolldown/pluginutils@https://registry.npmjs.org/@rolldown/pluginutils/-/pluginutils-1.0.0-beta.27.tgz. Extracting by manifest.
197 http cache baseline-browser-mapping@https://registry.npmjs.org/baseline-browser-mapping/-/baseline-browser-mapping-2.10.12.tgz 0ms (cache hit)
198 silly tarball no local data for @types/estree@https://registry.npmjs.org/@types/estree/-/estree-1.0.8.tgz. Extracting by manifest.
199 http cache asynckit@https://registry.npmjs.org/asynckit/-/asynckit-0.4.0.tgz 0ms (cache hit)
200 http cache axios@https://registry.npmjs.org/axios/-/axios-1.14.0.tgz 0ms (cache hit)
201 silly tarball no local data for @types/babel__traverse@https://registry.npmjs.org/@types/babel__traverse/-/babel__traverse-7.28.0.tgz. Extracting by manifest.
202 silly tarball no local data for @types/babel__generator@https://registry.npmjs.org/@types/babel__generator/-/babel__generator-7.27.0.tgz. Extracting by manifest.
203 silly tarball no local data for @remix-run/router@https://registry.npmjs.org/@remix-run/router/-/router-1.23.2.tgz. Extracting by manifest.
204 silly tarball no local data for @types/babel__core@https://registry.npmjs.org/@types/babel__core/-/babel__core-7.20.5.tgz. Extracting by manifest.
205 silly tarball no local data for @esbuild/win32-x64@https://registry.npmjs.org/@esbuild/win32-x64/-/win32-x64-0.21.5.tgz. Extracting by manifest.
206 silly tarball no local data for @rollup/rollup-win32-x64-gnu@https://registry.npmjs.org/@rollup/rollup-win32-x64-gnu/-/rollup-win32-x64-gnu-4.60.0.tgz. Extracting by manifest.
207 silly tarball no local data for @rollup/rollup-win32-x64-msvc@https://registry.npmjs.org/@rollup/rollup-win32-x64-msvc/-/rollup-win32-x64-msvc-4.60.0.tgz. Extracting by manifest.
208 silly tarball no local data for @babel/types@https://registry.npmjs.org/@babel/types/-/types-7.29.0.tgz. Extracting by manifest.
209 silly tarball no local data for @jridgewell/trace-mapping@https://registry.npmjs.org/@jridgewell/trace-mapping/-/trace-mapping-0.3.31.tgz. Extracting by manifest.
210 silly tarball no local data for @jridgewell/sourcemap-codec@https://registry.npmjs.org/@jridgewell/sourcemap-codec/-/sourcemap-codec-1.5.5.tgz. Extracting by manifest.
211 silly tarball no local data for @jridgewell/remapping@https://registry.npmjs.org/@jridgewell/remapping/-/remapping-2.3.5.tgz. Extracting by manifest.
212 silly tarball no local data for @jridgewell/gen-mapping@https://registry.npmjs.org/@jridgewell/gen-mapping/-/gen-mapping-0.3.13.tgz. Extracting by manifest.
213 silly tarball no local data for @babel/traverse@https://registry.npmjs.org/@babel/traverse/-/traverse-7.29.0.tgz. Extracting by manifest.
214 silly tarball no local data for @jridgewell/resolve-uri@https://registry.npmjs.org/@jridgewell/resolve-uri/-/resolve-uri-3.1.2.tgz. Extracting by manifest.
215 silly tarball no local data for @babel/parser@https://registry.npmjs.org/@babel/parser/-/parser-7.29.2.tgz. Extracting by manifest.
216 silly tarball no local data for @babel/plugin-transform-react-jsx-self@https://registry.npmjs.org/@babel/plugin-transform-react-jsx-self/-/plugin-transform-react-jsx-self-7.27.1.tgz. Extracting by manifest.
217 silly tarball no local data for @babel/helper-validator-identifier@https://registry.npmjs.org/@babel/helper-validator-identifier/-/helper-validator-identifier-7.28.5.tgz. Extracting by manifest.
218 silly tarball no local data for @babel/helper-string-parser@https://registry.npmjs.org/@babel/helper-string-parser/-/helper-string-parser-7.27.1.tgz. Extracting by manifest.
219 silly tarball no local data for @babel/helper-plugin-utils@https://registry.npmjs.org/@babel/helper-plugin-utils/-/helper-plugin-utils-7.28.6.tgz. Extracting by manifest.
220 silly tarball no local data for @babel/generator@https://registry.npmjs.org/@babel/generator/-/generator-7.29.1.tgz. Extracting by manifest.
221 silly tarball no local data for @babel/core@https://registry.npmjs.org/@babel/core/-/core-7.29.0.tgz. Extracting by manifest.
222 silly tarball no local data for @babel/helper-validator-option@https://registry.npmjs.org/@babel/helper-validator-option/-/helper-validator-option-7.27.1.tgz. Extracting by manifest.
223 silly tarball no local data for @babel/helper-module-transforms@https://registry.npmjs.org/@babel/helper-module-transforms/-/helper-module-transforms-7.28.6.tgz. Extracting by manifest.
224 silly tarball no local data for @babel/helper-module-imports@https://registry.npmjs.org/@babel/helper-module-imports/-/helper-module-imports-7.28.6.tgz. Extracting by manifest.
225 silly tarball no local data for @babel/helper-globals@https://registry.npmjs.org/@babel/helper-globals/-/helper-globals-7.28.0.tgz. Extracting by manifest.
226 silly tarball no local data for @babel/helpers@https://registry.npmjs.org/@babel/helpers/-/helpers-7.29.2.tgz. Extracting by manifest.
227 silly tarball no local data for yallist@https://registry.npmjs.org/yallist/-/yallist-3.1.1.tgz. Extracting by manifest.
228 silly tarball no local data for source-map-js@https://registry.npmjs.org/source-map-js/-/source-map-js-1.2.1.tgz. Extracting by manifest.
229 silly tarball no local data for @babel/compat-data@https://registry.npmjs.org/@babel/compat-data/-/compat-data-7.29.0.tgz. Extracting by manifest.
230 silly tarball no local data for @babel/helper-compilation-targets@https://registry.npmjs.org/@babel/helper-compilation-targets/-/helper-compilation-targets-7.28.6.tgz. Extracting by manifest.
231 silly tarball no local data for @babel/code-frame@https://registry.npmjs.org/@babel/code-frame/-/code-frame-7.29.0.tgz. Extracting by manifest.
232 silly tarball no local data for update-browserslist-db@https://registry.npmjs.org/update-browserslist-db/-/update-browserslist-db-1.2.3.tgz. Extracting by manifest.
233 silly tarball no local data for react-router-dom@https://registry.npmjs.org/react-router-dom/-/react-router-dom-6.30.3.tgz. Extracting by manifest.
234 silly tarball no local data for semver@https://registry.npmjs.org/semver/-/semver-6.3.1.tgz. Extracting by manifest.
235 silly tarball no local data for vite@https://registry.npmjs.org/vite/-/vite-5.4.21.tgz. Extracting by manifest.
236 silly tarball no local data for rollup@https://registry.npmjs.org/rollup/-/rollup-4.60.0.tgz. Extracting by manifest.
237 silly tarball no local data for scheduler@https://registry.npmjs.org/scheduler/-/scheduler-0.23.2.tgz. Extracting by manifest.
238 silly tarball no local data for react-refresh@https://registry.npmjs.org/react-refresh/-/react-refresh-0.17.0.tgz. Extracting by manifest.
239 silly tarball no local data for react@https://registry.npmjs.org/react/-/react-18.3.1.tgz. Extracting by manifest.
240 silly tarball no local data for proxy-from-env@https://registry.npmjs.org/proxy-from-env/-/proxy-from-env-2.1.0.tgz. Extracting by manifest.
241 silly tarball no local data for react-dom@https://registry.npmjs.org/react-dom/-/react-dom-18.3.1.tgz. Extracting by manifest.
242 silly tarball no local data for picocolors@https://registry.npmjs.org/picocolors/-/picocolors-1.1.1.tgz. Extracting by manifest.
243 silly tarball no local data for postcss@https://registry.npmjs.org/postcss/-/postcss-8.5.8.tgz. Extracting by manifest.
244 silly tarball no local data for math-intrinsics@https://registry.npmjs.org/math-intrinsics/-/math-intrinsics-1.1.0.tgz. Extracting by manifest.
245 silly tarball no local data for node-releases@https://registry.npmjs.org/node-releases/-/node-releases-2.0.36.tgz. Extracting by manifest.
246 silly tarball no local data for ms@https://registry.npmjs.org/ms/-/ms-2.1.3.tgz. Extracting by manifest.
247 silly tarball no local data for mime-types@https://registry.npmjs.org/mime-types/-/mime-types-2.1.35.tgz. Extracting by manifest.
248 silly tarball no local data for nanoid@https://registry.npmjs.org/nanoid/-/nanoid-3.3.11.tgz. Extracting by manifest.
249 silly tarball no local data for lru-cache@https://registry.npmjs.org/lru-cache/-/lru-cache-5.1.1.tgz. Extracting by manifest.
250 silly tarball no local data for mime-db@https://registry.npmjs.org/mime-db/-/mime-db-1.52.0.tgz. Extracting by manifest.
251 silly tarball no local data for react-router@https://registry.npmjs.org/react-router/-/react-router-6.30.3.tgz. Extracting by manifest.
252 silly tarball no local data for lucide-react@https://registry.npmjs.org/lucide-react/-/lucide-react-1.11.0.tgz. Extracting by manifest.
253 silly tarball no local data for @babel/plugin-transform-react-jsx-source@https://registry.npmjs.org/@babel/plugin-transform-react-jsx-source/-/plugin-transform-react-jsx-source-7.27.1.tgz. Extracting by manifest.
254 silly tarball no local data for json5@https://registry.npmjs.org/json5/-/json5-2.2.3.tgz. Extracting by manifest.
255 silly tarball no local data for loose-envify@https://registry.npmjs.org/loose-envify/-/loose-envify-1.4.0.tgz. Extracting by manifest.
256 silly tarball no local data for jsesc@https://registry.npmjs.org/jsesc/-/jsesc-3.1.0.tgz. Extracting by manifest.
257 silly tarball no local data for get-proto@https://registry.npmjs.org/get-proto/-/get-proto-1.0.1.tgz. Extracting by manifest.
258 silly tarball no local data for get-intrinsic@https://registry.npmjs.org/get-intrinsic/-/get-intrinsic-1.3.0.tgz. Extracting by manifest.
259 silly tarball no local data for js-tokens@https://registry.npmjs.org/js-tokens/-/js-tokens-4.0.0.tgz. Extracting by manifest.
260 silly tarball no local data for has-tostringtag@https://registry.npmjs.org/has-tostringtag/-/has-tostringtag-1.0.2.tgz. Extracting by manifest.
261 silly tarball no local data for hasown@https://registry.npmjs.org/hasown/-/hasown-2.0.2.tgz. Extracting by manifest.
262 silly tarball no local data for has-symbols@https://registry.npmjs.org/has-symbols/-/has-symbols-1.1.0.tgz. Extracting by manifest.
263 silly tarball no local data for gopd@https://registry.npmjs.org/gopd/-/gopd-1.2.0.tgz. Extracting by manifest.
264 silly tarball no local data for function-bind@https://registry.npmjs.org/function-bind/-/function-bind-1.1.2.tgz. Extracting by manifest.
265 silly tarball no local data for form-data@https://registry.npmjs.org/form-data/-/form-data-4.0.5.tgz. Extracting by manifest.
266 silly tarball no local data for gensync@https://registry.npmjs.org/gensync/-/gensync-1.0.0-beta.2.tgz. Extracting by manifest.
267 silly tarball no local data for escalade@https://registry.npmjs.org/escalade/-/escalade-3.2.0.tgz. Extracting by manifest.
268 silly tarball no local data for follow-redirects@https://registry.npmjs.org/follow-redirects/-/follow-redirects-1.15.11.tgz. Extracting by manifest.
269 silly tarball no local data for esbuild@https://registry.npmjs.org/esbuild/-/esbuild-0.21.5.tgz. Extracting by manifest.
270 silly tarball no local data for es-object-atoms@https://registry.npmjs.org/es-object-atoms/-/es-object-atoms-1.1.1.tgz. Extracting by manifest.
271 silly tarball no local data for es-errors@https://registry.npmjs.org/es-errors/-/es-errors-1.3.0.tgz. Extracting by manifest.
272 silly tarball no local data for es-set-tostringtag@https://registry.npmjs.org/es-set-tostringtag/-/es-set-tostringtag-2.1.0.tgz. Extracting by manifest.
273 silly tarball no local data for dunder-proto@https://registry.npmjs.org/dunder-proto/-/dunder-proto-1.0.1.tgz. Extracting by manifest.
274 silly tarball no local data for es-define-property@https://registry.npmjs.org/es-define-property/-/es-define-property-1.0.1.tgz. Extracting by manifest.
275 silly tarball no local data for convert-source-map@https://registry.npmjs.org/convert-source-map/-/convert-source-map-2.0.0.tgz. Extracting by manifest.
276 silly tarball no local data for electron-to-chromium@https://registry.npmjs.org/electron-to-chromium/-/electron-to-chromium-1.5.328.tgz. Extracting by manifest.
277 silly tarball no local data for debug@https://registry.npmjs.org/debug/-/debug-4.4.3.tgz. Extracting by manifest.
278 silly tarball no local data for delayed-stream@https://registry.npmjs.org/delayed-stream/-/delayed-stream-1.0.0.tgz. Extracting by manifest.
279 silly tarball no local data for browserslist@https://registry.npmjs.org/browserslist/-/browserslist-4.28.1.tgz. Extracting by manifest.
280 silly tarball no local data for combined-stream@https://registry.npmjs.org/combined-stream/-/combined-stream-1.0.8.tgz. Extracting by manifest.
281 silly tarball no local data for caniuse-lite@https://registry.npmjs.org/caniuse-lite/-/caniuse-lite-1.0.30001781.tgz. Extracting by manifest.
282 silly tarball no local data for call-bind-apply-helpers@https://registry.npmjs.org/call-bind-apply-helpers/-/call-bind-apply-helpers-1.0.2.tgz. Extracting by manifest.
283 silly tarball no local data for baseline-browser-mapping@https://registry.npmjs.org/baseline-browser-mapping/-/baseline-browser-mapping-2.10.12.tgz. Extracting by manifest.
284 silly tarball no local data for asynckit@https://registry.npmjs.org/asynckit/-/asynckit-0.4.0.tgz. Extracting by manifest.
285 silly tarball no local data for axios@https://registry.npmjs.org/axios/-/axios-1.14.0.tgz. Extracting by manifest.
286 http fetch GET https://registry.npmjs.org/@types/babel__template/-/babel__template-7.4.4.tgz attempt 1 failed with EACCES
287 http fetch GET https://registry.npmjs.org/@babel/template/-/template-7.28.6.tgz attempt 1 failed with EACCES
288 http fetch GET https://registry.npmjs.org/@vitejs/plugin-react/-/plugin-react-4.7.0.tgz attempt 1 failed with EACCES
289 http fetch GET https://registry.npmjs.org/@rolldown/pluginutils/-/pluginutils-1.0.0-beta.27.tgz attempt 1 failed with EACCES
290 http fetch GET https://registry.npmjs.org/@types/estree/-/estree-1.0.8.tgz attempt 1 failed with EACCES
291 http fetch GET https://registry.npmjs.org/@types/babel__traverse/-/babel__traverse-7.28.0.tgz attempt 1 failed with EACCES
292 http fetch GET https://registry.npmjs.org/@types/babel__generator/-/babel__generator-7.27.0.tgz attempt 1 failed with EACCES
293 http fetch GET https://registry.npmjs.org/@remix-run/router/-/router-1.23.2.tgz attempt 1 failed with EACCES
294 http fetch GET https://registry.npmjs.org/@types/babel__core/-/babel__core-7.20.5.tgz attempt 1 failed with EACCES
295 http fetch GET https://registry.npmjs.org/@esbuild/win32-x64/-/win32-x64-0.21.5.tgz attempt 1 failed with EACCES
296 http fetch GET https://registry.npmjs.org/@rollup/rollup-win32-x64-gnu/-/rollup-win32-x64-gnu-4.60.0.tgz attempt 1 failed with EACCES
297 http fetch GET https://registry.npmjs.org/@rollup/rollup-win32-x64-msvc/-/rollup-win32-x64-msvc-4.60.0.tgz attempt 1 failed with EACCES
298 http fetch GET https://registry.npmjs.org/@babel/types/-/types-7.29.0.tgz attempt 1 failed with EACCES
299 http fetch GET https://registry.npmjs.org/@jridgewell/trace-mapping/-/trace-mapping-0.3.31.tgz attempt 1 failed with EACCES
300 http fetch GET https://registry.npmjs.org/@jridgewell/sourcemap-codec/-/sourcemap-codec-1.5.5.tgz attempt 1 failed with EACCES
301 http fetch GET https://registry.npmjs.org/npm attempt 2 failed with EACCES
302 http fetch GET https://registry.npmjs.org/@types/babel__template/-/babel__template-7.4.4.tgz attempt 2 failed with EACCES
303 http fetch GET https://registry.npmjs.org/@babel/template/-/template-7.28.6.tgz attempt 2 failed with EACCES
304 http fetch GET https://registry.npmjs.org/@vitejs/plugin-react/-/plugin-react-4.7.0.tgz attempt 2 failed with EACCES
305 http fetch GET https://registry.npmjs.org/@rolldown/pluginutils/-/pluginutils-1.0.0-beta.27.tgz attempt 2 failed with EACCES
306 http fetch GET https://registry.npmjs.org/@types/estree/-/estree-1.0.8.tgz attempt 2 failed with EACCES
307 http fetch GET https://registry.npmjs.org/@types/babel__traverse/-/babel__traverse-7.28.0.tgz attempt 2 failed with EACCES
308 http fetch GET https://registry.npmjs.org/@types/babel__generator/-/babel__generator-7.27.0.tgz attempt 2 failed with EACCES
309 http fetch GET https://registry.npmjs.org/@remix-run/router/-/router-1.23.2.tgz attempt 2 failed with EACCES
310 http fetch GET https://registry.npmjs.org/@types/babel__core/-/babel__core-7.20.5.tgz attempt 2 failed with EACCES
311 http fetch GET https://registry.npmjs.org/@esbuild/win32-x64/-/win32-x64-0.21.5.tgz attempt 2 failed with EACCES
312 http fetch GET https://registry.npmjs.org/@rollup/rollup-win32-x64-gnu/-/rollup-win32-x64-gnu-4.60.0.tgz attempt 2 failed with EACCES
313 http fetch GET https://registry.npmjs.org/@rollup/rollup-win32-x64-msvc/-/rollup-win32-x64-msvc-4.60.0.tgz attempt 2 failed with EACCES
314 http fetch GET https://registry.npmjs.org/@babel/types/-/types-7.29.0.tgz attempt 2 failed with EACCES
315 http fetch GET https://registry.npmjs.org/@jridgewell/trace-mapping/-/trace-mapping-0.3.31.tgz attempt 2 failed with EACCES
316 http fetch GET https://registry.npmjs.org/@jridgewell/sourcemap-codec/-/sourcemap-codec-1.5.5.tgz attempt 2 failed with EACCES
317 http fetch GET https://registry.npmjs.org/npm attempt 3 failed with EACCES
318 http fetch GET https://registry.npmjs.org/@types/babel__template/-/babel__template-7.4.4.tgz attempt 3 failed with EACCES
319 http fetch GET https://registry.npmjs.org/@babel/template/-/template-7.28.6.tgz attempt 3 failed with EACCES
320 http fetch GET https://registry.npmjs.org/@vitejs/plugin-react/-/plugin-react-4.7.0.tgz attempt 3 failed with EACCES
321 http fetch GET https://registry.npmjs.org/@rolldown/pluginutils/-/pluginutils-1.0.0-beta.27.tgz attempt 3 failed with EACCES
322 http fetch GET https://registry.npmjs.org/@types/estree/-/estree-1.0.8.tgz attempt 3 failed with EACCES
323 http fetch GET https://registry.npmjs.org/@types/babel__traverse/-/babel__traverse-7.28.0.tgz attempt 3 failed with EACCES
324 http fetch GET https://registry.npmjs.org/@types/babel__generator/-/babel__generator-7.27.0.tgz attempt 3 failed with EACCES
325 http fetch GET https://registry.npmjs.org/@remix-run/router/-/router-1.23.2.tgz attempt 3 failed with EACCES
326 http fetch GET https://registry.npmjs.org/@types/babel__core/-/babel__core-7.20.5.tgz attempt 3 failed with EACCES
327 http fetch GET https://registry.npmjs.org/@esbuild/win32-x64/-/win32-x64-0.21.5.tgz attempt 3 failed with EACCES
328 verbose reify failed optional dependency C:\Users\DELL\OneDrive - donga.edu.vn\Documents\healthcare-system-project-clone\web\node_modules\@esbuild\win32-x64
329 silly reify mark deleted [
329 silly reify   'C:\\Users\\DELL\\OneDrive - donga.edu.vn\\Documents\\healthcare-system-project-clone\\web\\node_modules\\@esbuild\\win32-x64'
329 silly reify ]
330 http fetch GET https://registry.npmjs.org/@rollup/rollup-win32-x64-gnu/-/rollup-win32-x64-gnu-4.60.0.tgz attempt 3 failed with EACCES
331 verbose reify failed optional dependency C:\Users\DELL\OneDrive - donga.edu.vn\Documents\healthcare-system-project-clone\web\node_modules\@rollup\rollup-win32-x64-gnu
332 silly reify mark deleted [
332 silly reify   'C:\\Users\\DELL\\OneDrive - donga.edu.vn\\Documents\\healthcare-system-project-clone\\web\\node_modules\\@rollup\\rollup-win32-x64-gnu'
332 silly reify ]
333 http fetch GET https://registry.npmjs.org/@rollup/rollup-win32-x64-msvc/-/rollup-win32-x64-msvc-4.60.0.tgz attempt 3 failed with EACCES
334 verbose reify failed optional dependency C:\Users\DELL\OneDrive - donga.edu.vn\Documents\healthcare-system-project-clone\web\node_modules\@rollup\rollup-win32-x64-msvc
335 silly reify mark deleted [
335 silly reify   'C:\\Users\\DELL\\OneDrive - donga.edu.vn\\Documents\\healthcare-system-project-clone\\web\\node_modules\\@rollup\\rollup-win32-x64-msvc'
335 silly reify ]
336 http fetch GET https://registry.npmjs.org/@babel/types/-/types-7.29.0.tgz attempt 3 failed with EACCES
337 http fetch GET https://registry.npmjs.org/@jridgewell/trace-mapping/-/trace-mapping-0.3.31.tgz attempt 3 failed with EACCES
338 http fetch GET https://registry.npmjs.org/@jridgewell/sourcemap-codec/-/sourcemap-codec-1.5.5.tgz attempt 3 failed with EACCES
339 verbose cwd C:\Users\DELL\OneDrive - donga.edu.vn\Documents\healthcare-system-project-clone\web
340 verbose os Windows_NT 10.0.19045
341 verbose node v24.15.0
342 verbose npm  v11.12.1
343 error Exit handler never called!
344 error This is an error with npm itself. Please report this error at:
345 error   <https://github.com/npm/cli/issues>
346 verbose exit 1
347 verbose code 1
348 error A complete log of this run can be found in: C:\Users\DELL\OneDrive - donga.edu.vn\Documents\healthcare-system-project-clone\web\.npm-cache\_logs\2026-05-14T06_16_12_274Z-debug-0.log
