0 verbose cli C:\Program Files\nodejs\node.exe C:\Program Files\nodejs\node_modules\npm\bin\npm-cli.js
1 info using npm@11.12.1
2 info using node@v24.15.0
3 silly config load:file:C:\Program Files\nodejs\node_modules\npm\npmrc
4 silly config load:file:C:\Users\DELL\OneDrive - donga.edu.vn\Documents\healthcare-system-project-clone\web\.npmrc
5 silly config load:file:C:\Users\DELL\.npmrc
6 silly config load:file:C:\Users\DELL\AppData\Roaming\npm\etc\npmrc
7 verbose title npm install
8 verbose argv "install" "--no-audit" "--no-fund" "--cache" ".\\.npm-cache"
9 verbose logfile logs-max:10 dir:C:\Users\DELL\OneDrive - donga.edu.vn\Documents\healthcare-system-project-clone\web\.npm-cache\_logs\2026-05-14T06_17_45_055Z-
10 verbose logfile C:\Users\DELL\OneDrive - donga.edu.vn\Documents\healthcare-system-project-clone\web\.npm-cache\_logs\2026-05-14T06_17_45_055Z-debug-0.log
11 silly logfile done cleaning log files
12 silly packumentCache heap:4496293888 maxSize:1124073472 maxEntrySize:562036736
13 silly idealTree buildDeps
14 silly reify mark retired [
14 silly reify   'C:\\Users\\DELL\\OneDrive - donga.edu.vn\\Documents\\healthcare-system-project-clone\\web\\node_modules\\asynckit'
14 silly reify ]
15 silly reify mark retired [
15 silly reify   'C:\\Users\\DELL\\OneDrive - donga.edu.vn\\Documents\\healthcare-system-project-clone\\web\\node_modules\\axios'
15 silly reify ]
16 silly reify mark retired [
16 silly reify   'C:\\Users\\DELL\\OneDrive - donga.edu.vn\\Documents\\healthcare-system-project-clone\\web\\node_modules\\browserslist'
16 silly reify ]
17 silly reify mark retired [
17 silly reify   'C:\\Users\\DELL\\OneDrive - donga.edu.vn\\Documents\\healthcare-system-project-clone\\web\\node_modules\\baseline-browser-mapping'
17 silly reify ]
18 silly reify mark retired [
18 silly reify   'C:\\Users\\DELL\\OneDrive - donga.edu.vn\\Documents\\healthcare-system-project-clone\\web\\node_modules\\caniuse-lite'
18 silly reify ]
19 silly reify mark retired [
19 silly reify   'C:\\Users\\DELL\\OneDrive - donga.edu.vn\\Documents\\healthcare-system-project-clone\\web\\node_modules\\debug'
19 silly reify ]
20 silly reify mark retired [
20 silly reify   'C:\\Users\\DELL\\OneDrive - donga.edu.vn\\Documents\\healthcare-system-project-clone\\web\\node_modules\\call-bind-apply-helpers'
20 silly reify ]
21 silly reify mark retired [
21 silly reify   'C:\\Users\\DELL\\OneDrive - donga.edu.vn\\Documents\\healthcare-system-project-clone\\web\\node_modules\\combined-stream'
21 silly reify ]
22 silly reify mark retired [
22 silly reify   'C:\\Users\\DELL\\OneDrive - donga.edu.vn\\Documents\\healthcare-system-project-clone\\web\\node_modules\\delayed-stream'
22 silly reify ]
23 silly reify mark retired [
23 silly reify   'C:\\Users\\DELL\\OneDrive - donga.edu.vn\\Documents\\healthcare-system-project-clone\\web\\node_modules\\convert-source-map'
23 silly reify ]
24 silly reify mark retired [
24 silly reify   'C:\\Users\\DELL\\OneDrive - donga.edu.vn\\Documents\\healthcare-system-project-clone\\web\\node_modules\\dunder-proto'
24 silly reify ]
25 silly reify mark retired [
25 silly reify   'C:\\Users\\DELL\\OneDrive - donga.edu.vn\\Documents\\healthcare-system-project-clone\\web\\node_modules\\electron-to-chromium'
25 silly reify ]
26 silly reify mark retired [
26 silly reify   'C:\\Users\\DELL\\OneDrive - donga.edu.vn\\Documents\\healthcare-system-project-clone\\web\\node_modules\\es-define-property'
26 silly reify ]
27 silly reify mark retired [
27 silly reify   'C:\\Users\\DELL\\OneDrive - donga.edu.vn\\Documents\\healthcare-system-project-clone\\web\\node_modules\\es-errors'
27 silly reify ]
28 silly reify mark retired [
28 silly reify   'C:\\Users\\DELL\\OneDrive - donga.edu.vn\\Documents\\healthcare-system-project-clone\\web\\node_modules\\es-object-atoms'
28 silly reify ]
29 silly reify mark retired [
29 silly reify   'C:\\Users\\DELL\\OneDrive - donga.edu.vn\\Documents\\healthcare-system-project-clone\\web\\node_modules\\es-set-tostringtag'
29 silly reify ]
30 silly reify mark retired [
30 silly reify   'C:\\Users\\DELL\\OneDrive - donga.edu.vn\\Documents\\healthcare-system-project-clone\\web\\node_modules\\esbuild'
30 silly reify ]
31 silly reify mark retired [
31 silly reify   'C:\\Users\\DELL\\OneDrive - donga.edu.vn\\Documents\\healthcare-system-project-clone\\web\\node_modules\\escalade'
31 silly reify ]
32 silly reify mark retired [
32 silly reify   'C:\\Users\\DELL\\OneDrive - donga.edu.vn\\Documents\\healthcare-system-project-clone\\web\\node_modules\\form-data'
32 silly reify ]
33 silly reify mark retired [
33 silly reify   'C:\\Users\\DELL\\OneDrive - donga.edu.vn\\Documents\\healthcare-system-project-clone\\web\\node_modules\\follow-redirects'
33 silly reify ]
34 silly reify mark retired [
34 silly reify   'C:\\Users\\DELL\\OneDrive - donga.edu.vn\\Documents\\healthcare-system-project-clone\\web\\node_modules\\function-bind'
34 silly reify ]
35 silly reify mark retired [
35 silly reify   'C:\\Users\\DELL\\OneDrive - donga.edu.vn\\Documents\\healthcare-system-project-clone\\web\\node_modules\\gensync'
35 silly reify ]
36 silly reify mark retired [
36 silly reify   'C:\\Users\\DELL\\OneDrive - donga.edu.vn\\Documents\\healthcare-system-project-clone\\web\\node_modules\\get-intrinsic'
36 silly reify ]
37 silly reify mark retired [
37 silly reify   'C:\\Users\\DELL\\OneDrive - donga.edu.vn\\Documents\\healthcare-system-project-clone\\web\\node_modules\\get-proto'
37 silly reify ]
38 silly reify mark retired [
38 silly reify   'C:\\Users\\DELL\\OneDrive - donga.edu.vn\\Documents\\healthcare-system-project-clone\\web\\node_modules\\has-symbols'
38 silly reify ]
39 silly reify mark retired [
39 silly reify   'C:\\Users\\DELL\\OneDrive - donga.edu.vn\\Documents\\healthcare-system-project-clone\\web\\node_modules\\gopd'
39 silly reify ]
40 silly reify mark retired [
40 silly reify   'C:\\Users\\DELL\\OneDrive - donga.edu.vn\\Documents\\healthcare-system-project-clone\\web\\node_modules\\has-tostringtag'
40 silly reify ]
41 silly reify mark retired [
41 silly reify   'C:\\Users\\DELL\\OneDrive - donga.edu.vn\\Documents\\healthcare-system-project-clone\\web\\node_modules\\js-tokens'
41 silly reify ]
42 silly reify mark retired [
42 silly reify   'C:\\Users\\DELL\\OneDrive - donga.edu.vn\\Documents\\healthcare-system-project-clone\\web\\node_modules\\hasown'
42 silly reify ]
43 silly reify mark retired [
43 silly reify   'C:\\Users\\DELL\\OneDrive - donga.edu.vn\\Documents\\healthcare-system-project-clone\\web\\node_modules\\jsesc'
43 silly reify ]
44 silly reify mark retired [
44 silly reify   'C:\\Users\\DELL\\OneDrive - donga.edu.vn\\Documents\\healthcare-system-project-clone\\web\\node_modules\\loose-envify'
44 silly reify ]
45 silly reify mark retired [
45 silly reify   'C:\\Users\\DELL\\OneDrive - donga.edu.vn\\Documents\\healthcare-system-project-clone\\web\\node_modules\\lru-cache'
45 silly reify ]
46 silly reify mark retired [
46 silly reify   'C:\\Users\\DELL\\OneDrive - donga.edu.vn\\Documents\\healthcare-system-project-clone\\web\\node_modules\\json5'
46 silly reify ]
47 silly reify mark retired [
47 silly reify   'C:\\Users\\DELL\\OneDrive - donga.edu.vn\\Documents\\healthcare-system-project-clone\\web\\node_modules\\lucide-react'
47 silly reify ]
48 silly reify mark retired [
48 silly reify   'C:\\Users\\DELL\\OneDrive - donga.edu.vn\\Documents\\healthcare-system-project-clone\\web\\node_modules\\mime-db'
48 silly reify ]
49 silly reify mark retired [
49 silly reify   'C:\\Users\\DELL\\OneDrive - donga.edu.vn\\Documents\\healthcare-system-project-clone\\web\\node_modules\\math-intrinsics'
49 silly reify ]
50 silly reify mark retired [
50 silly reify   'C:\\Users\\DELL\\OneDrive - donga.edu.vn\\Documents\\healthcare-system-project-clone\\web\\node_modules\\mime-types'
50 silly reify ]
51 silly reify mark retired [
51 silly reify   'C:\\Users\\DELL\\OneDrive - donga.edu.vn\\Documents\\healthcare-system-project-clone\\web\\node_modules\\ms'
51 silly reify ]
52 silly reify mark retired [
52 silly reify   'C:\\Users\\DELL\\OneDrive - donga.edu.vn\\Documents\\healthcare-system-project-clone\\web\\node_modules\\nanoid'
52 silly reify ]
53 silly reify mark retired [
53 silly reify   'C:\\Users\\DELL\\OneDrive - donga.edu.vn\\Documents\\healthcare-system-project-clone\\web\\node_modules\\picocolors'
53 silly reify ]
54 silly reify mark retired [
54 silly reify   'C:\\Users\\DELL\\OneDrive - donga.edu.vn\\Documents\\healthcare-system-project-clone\\web\\node_modules\\postcss'
54 silly reify ]
55 silly reify mark retired [
55 silly reify   'C:\\Users\\DELL\\OneDrive - donga.edu.vn\\Documents\\healthcare-system-project-clone\\web\\node_modules\\node-releases'
55 silly reify ]
56 silly reify mark retired [
56 silly reify   'C:\\Users\\DELL\\OneDrive - donga.edu.vn\\Documents\\healthcare-system-project-clone\\web\\node_modules\\react'
56 silly reify ]
57 silly reify mark retired [
57 silly reify   'C:\\Users\\DELL\\OneDrive - donga.edu.vn\\Documents\\healthcare-system-project-clone\\web\\node_modules\\react-dom'
57 silly reify ]
58 silly reify mark retired [
58 silly reify   'C:\\Users\\DELL\\OneDrive - donga.edu.vn\\Documents\\healthcare-system-project-clone\\web\\node_modules\\proxy-from-env'
58 silly reify ]
59 silly reify mark retired [
59 silly reify   'C:\\Users\\DELL\\OneDrive - donga.edu.vn\\Documents\\healthcare-system-project-clone\\web\\node_modules\\react-refresh'
59 silly reify ]
60 silly reify mark retired [
60 silly reify   'C:\\Users\\DELL\\OneDrive - donga.edu.vn\\Documents\\healthcare-system-project-clone\\web\\node_modules\\react-router-dom'
60 silly reify ]
61 silly reify mark retired [
61 silly reify   'C:\\Users\\DELL\\OneDrive - donga.edu.vn\\Documents\\healthcare-system-project-clone\\web\\node_modules\\react-router'
61 silly reify ]
62 silly reify mark retired [
62 silly reify   'C:\\Users\\DELL\\OneDrive - donga.edu.vn\\Documents\\healthcare-system-project-clone\\web\\node_modules\\rollup'
62 silly reify ]
63 silly reify mark retired [
63 silly reify   'C:\\Users\\DELL\\OneDrive - donga.edu.vn\\Documents\\healthcare-system-project-clone\\web\\node_modules\\scheduler'
63 silly reify ]
64 silly reify mark retired [
64 silly reify   'C:\\Users\\DELL\\OneDrive - donga.edu.vn\\Documents\\healthcare-system-project-clone\\web\\node_modules\\semver'
64 silly reify ]
65 silly reify mark retired [
65 silly reify   'C:\\Users\\DELL\\OneDrive - donga.edu.vn\\Documents\\healthcare-system-project-clone\\web\\node_modules\\source-map-js'
65 silly reify ]
66 silly reify mark retired [
66 silly reify   'C:\\Users\\DELL\\OneDrive - donga.edu.vn\\Documents\\healthcare-system-project-clone\\web\\node_modules\\update-browserslist-db'
66 silly reify ]
67 silly reify mark retired [
67 silly reify   'C:\\Users\\DELL\\OneDrive - donga.edu.vn\\Documents\\healthcare-system-project-clone\\web\\node_modules\\yallist'
67 silly reify ]
68 silly reify mark retired [
68 silly reify   'C:\\Users\\DELL\\OneDrive - donga.edu.vn\\Documents\\healthcare-system-project-clone\\web\\node_modules\\vite'
68 silly reify ]
69 silly reify mark retired [
69 silly reify   'C:\\Users\\DELL\\OneDrive - donga.edu.vn\\Documents\\healthcare-system-project-clone\\web\\node_modules\\@babel\\code-frame'
69 silly reify ]
70 silly reify mark retired [
70 silly reify   'C:\\Users\\DELL\\OneDrive - donga.edu.vn\\Documents\\healthcare-system-project-clone\\web\\node_modules\\@babel\\core'
70 silly reify ]
71 silly reify mark retired [
71 silly reify   'C:\\Users\\DELL\\OneDrive - donga.edu.vn\\Documents\\healthcare-system-project-clone\\web\\node_modules\\@babel\\generator'
71 silly reify ]
72 silly reify mark retired [
72 silly reify   'C:\\Users\\DELL\\OneDrive - donga.edu.vn\\Documents\\healthcare-system-project-clone\\web\\node_modules\\@babel\\compat-data'
72 silly reify ]
73 silly reify mark retired [
73 silly reify   'C:\\Users\\DELL\\OneDrive - donga.edu.vn\\Documents\\healthcare-system-project-clone\\web\\node_modules\\@babel\\helper-compilation-targets'
73 silly reify ]
74 silly reify mark retired [
74 silly reify   'C:\\Users\\DELL\\OneDrive - donga.edu.vn\\Documents\\healthcare-system-project-clone\\web\\node_modules\\@babel\\helper-module-imports'
74 silly reify ]
75 silly reify mark retired [
75 silly reify   'C:\\Users\\DELL\\OneDrive - donga.edu.vn\\Documents\\healthcare-system-project-clone\\web\\node_modules\\@babel\\helper-globals'
75 silly reify ]
76 silly reify mark retired [
76 silly reify   'C:\\Users\\DELL\\OneDrive - donga.edu.vn\\Documents\\healthcare-system-project-clone\\web\\node_modules\\@babel\\helper-module-transforms'
76 silly reify ]
77 silly reify mark retired [
77 silly reify   'C:\\Users\\DELL\\OneDrive - donga.edu.vn\\Documents\\healthcare-system-project-clone\\web\\node_modules\\@babel\\helper-plugin-utils'
77 silly reify ]
78 silly reify mark retired [
78 silly reify   'C:\\Users\\DELL\\OneDrive - donga.edu.vn\\Documents\\healthcare-system-project-clone\\web\\node_modules\\@babel\\helper-validator-identifier'
78 silly reify ]
79 silly reify mark retired [
79 silly reify   'C:\\Users\\DELL\\OneDrive - donga.edu.vn\\Documents\\healthcare-system-project-clone\\web\\node_modules\\@babel\\helper-string-parser'
79 silly reify ]
80 silly reify mark retired [
80 silly reify   'C:\\Users\\DELL\\OneDrive - donga.edu.vn\\Documents\\healthcare-system-project-clone\\web\\node_modules\\@babel\\helper-validator-option'
80 silly reify ]
81 silly reify mark retired [
81 silly reify   'C:\\Users\\DELL\\OneDrive - donga.edu.vn\\Documents\\healthcare-system-project-clone\\web\\node_modules\\@babel\\helpers'
81 silly reify ]
82 silly reify mark retired [
82 silly reify   'C:\\Users\\DELL\\OneDrive - donga.edu.vn\\Documents\\healthcare-system-project-clone\\web\\node_modules\\@babel\\parser'
82 silly reify ]
83 silly reify mark retired [
83 silly reify   'C:\\Users\\DELL\\OneDrive - donga.edu.vn\\Documents\\healthcare-system-project-clone\\web\\node_modules\\@babel\\plugin-transform-react-jsx-self'
83 silly reify ]
84 silly reify mark retired [
84 silly reify   'C:\\Users\\DELL\\OneDrive - donga.edu.vn\\Documents\\healthcare-system-project-clone\\web\\node_modules\\@babel\\plugin-transform-react-jsx-source'
84 silly reify ]
85 silly reify mark retired [
85 silly reify   'C:\\Users\\DELL\\OneDrive - donga.edu.vn\\Documents\\healthcare-system-project-clone\\web\\node_modules\\@babel\\traverse'
85 silly reify ]
86 silly reify mark retired [
86 silly reify   'C:\\Users\\DELL\\OneDrive - donga.edu.vn\\Documents\\healthcare-system-project-clone\\web\\node_modules\\@babel\\template'
86 silly reify ]
87 silly reify mark retired [
87 silly reify   'C:\\Users\\DELL\\OneDrive - donga.edu.vn\\Documents\\healthcare-system-project-clone\\web\\node_modules\\@babel\\types'
87 silly reify ]
88 silly reify mark retired [
88 silly reify   'C:\\Users\\DELL\\OneDrive - donga.edu.vn\\Documents\\healthcare-system-project-clone\\web\\node_modules\\@esbuild\\win32-x64'
88 silly reify ]
89 silly reify mark retired [
89 silly reify   'C:\\Users\\DELL\\OneDrive - donga.edu.vn\\Documents\\healthcare-system-project-clone\\web\\node_modules\\@remix-run\\router'
89 silly reify ]
90 silly reify mark retired [
90 silly reify   'C:\\Users\\DELL\\OneDrive - donga.edu.vn\\Documents\\healthcare-system-project-clone\\web\\node_modules\\@jridgewell\\gen-mapping'
90 silly reify ]
91 silly reify mark retired [
91 silly reify   'C:\\Users\\DELL\\OneDrive - donga.edu.vn\\Documents\\healthcare-system-project-clone\\web\\node_modules\\@jridgewell\\resolve-uri'
91 silly reify ]
92 silly reify mark retired [
92 silly reify   'C:\\Users\\DELL\\OneDrive - donga.edu.vn\\Documents\\healthcare-system-project-clone\\web\\node_modules\\@jridgewell\\remapping'
92 silly reify ]
93 silly reify mark retired [
93 silly reify   'C:\\Users\\DELL\\OneDrive - donga.edu.vn\\Documents\\healthcare-system-project-clone\\web\\node_modules\\@jridgewell\\sourcemap-codec'
93 silly reify ]
94 silly reify mark retired [
94 silly reify   'C:\\Users\\DELL\\OneDrive - donga.edu.vn\\Documents\\healthcare-system-project-clone\\web\\node_modules\\@jridgewell\\trace-mapping'
94 silly reify ]
95 silly reify mark retired [
95 silly reify   'C:\\Users\\DELL\\OneDrive - donga.edu.vn\\Documents\\healthcare-system-project-clone\\web\\node_modules\\@rollup\\rollup-win32-x64-gnu'
95 silly reify ]
96 silly reify mark retired [
96 silly reify   'C:\\Users\\DELL\\OneDrive - donga.edu.vn\\Documents\\healthcare-system-project-clone\\web\\node_modules\\@rollup\\rollup-win32-x64-msvc'
96 silly reify ]
97 silly reify mark retired [
97 silly reify   'C:\\Users\\DELL\\OneDrive - donga.edu.vn\\Documents\\healthcare-system-project-clone\\web\\node_modules\\@rolldown\\pluginutils'
97 silly reify ]
98 silly reify mark retired [
98 silly reify   'C:\\Users\\DELL\\OneDrive - donga.edu.vn\\Documents\\healthcare-system-project-clone\\web\\node_modules\\@types\\babel__core'
98 silly reify ]
99 silly reify mark retired [
99 silly reify   'C:\\Users\\DELL\\OneDrive - donga.edu.vn\\Documents\\healthcare-system-project-clone\\web\\node_modules\\@types\\babel__generator'
99 silly reify ]
100 silly reify mark retired [
100 silly reify   'C:\\Users\\DELL\\OneDrive - donga.edu.vn\\Documents\\healthcare-system-project-clone\\web\\node_modules\\@types\\estree'
100 silly reify ]
101 silly reify mark retired [
101 silly reify   'C:\\Users\\DELL\\OneDrive - donga.edu.vn\\Documents\\healthcare-system-project-clone\\web\\node_modules\\@types\\babel__traverse'
101 silly reify ]
102 silly reify mark retired [
102 silly reify   'C:\\Users\\DELL\\OneDrive - donga.edu.vn\\Documents\\healthcare-system-project-clone\\web\\node_modules\\@vitejs\\plugin-react'
102 silly reify ]
103 silly reify mark retired [
103 silly reify   'C:\\Users\\DELL\\OneDrive - donga.edu.vn\\Documents\\healthcare-system-project-clone\\web\\node_modules\\@types\\babel__template'
103 silly reify ]
104 silly reify moves {
104 silly reify   'C:\\Users\\DELL\\OneDrive - donga.edu.vn\\Documents\\healthcare-system-project-clone\\web\\node_modules\\asynckit': 'C:\\Users\\DELL\\OneDrive - donga.edu.vn\\Documents\\healthcare-system-project-clone\\web\\node_modules\\.asynckit-54i16ZWr',
104 silly reify   'C:\\Users\\DELL\\OneDrive - donga.edu.vn\\Documents\\healthcare-system-project-clone\\web\\node_modules\\axios': 'C:\\Users\\DELL\\OneDrive - donga.edu.vn\\Documents\\healthcare-system-project-clone\\web\\node_modules\\.axios-5oWlYOim',
104 silly reify   'C:\\Users\\DELL\\OneDrive - donga.edu.vn\\Documents\\healthcare-system-project-clone\\web\\node_modules\\browserslist': 'C:\\Users\\DELL\\OneDrive - donga.edu.vn\\Documents\\healthcare-system-project-clone\\web\\node_modules\\.browserslist-tU7oINbn',
104 silly reify   'C:\\Users\\DELL\\OneDrive - donga.edu.vn\\Documents\\healthcare-system-project-clone\\web\\node_modules\\baseline-browser-mapping': 'C:\\Users\\DELL\\OneDrive - donga.edu.vn\\Documents\\healthcare-system-project-clone\\web\\node_modules\\.baseline-browser-mapping-Bd7qkiE4',
104 silly reify   'C:\\Users\\DELL\\OneDrive - donga.edu.vn\\Documents\\healthcare-system-project-clone\\web\\node_modules\\caniuse-lite': 'C:\\Users\\DELL\\OneDrive - donga.edu.vn\\Documents\\healthcare-system-project-clone\\web\\node_modules\\.caniuse-lite-AA4hNlGG',
104 silly reify   'C:\\Users\\DELL\\OneDrive - donga.edu.vn\\Documents\\healthcare-system-project-clone\\web\\node_modules\\debug': 'C:\\Users\\DELL\\OneDrive - donga.edu.vn\\Documents\\healthcare-system-project-clone\\web\\node_modules\\.debug-bTDwKe0K',
104 silly reify   'C:\\Users\\DELL\\OneDrive - donga.edu.vn\\Documents\\healthcare-system-project-clone\\web\\node_modules\\call-bind-apply-helpers': 'C:\\Users\\DELL\\OneDrive - donga.edu.vn\\Documents\\healthcare-system-project-clone\\web\\node_modules\\.call-bind-apply-helpers-I2ajoeK0',
104 silly reify   'C:\\Users\\DELL\\OneDrive - donga.edu.vn\\Documents\\healthcare-system-project-clone\\web\\node_modules\\combined-stream': 'C:\\Users\\DELL\\OneDrive - donga.edu.vn\\Documents\\healthcare-system-project-clone\\web\\node_modules\\.combined-stream-OjHFXYHB',
104 silly reify   'C:\\Users\\DELL\\OneDrive - donga.edu.vn\\Documents\\healthcare-system-project-clone\\web\\node_modules\\delayed-stream': 'C:\\Users\\DELL\\OneDrive - donga.edu.vn\\Documents\\healthcare-system-project-clone\\web\\node_modules\\.delayed-stream-n2YKA24I',
104 silly reify   'C:\\Users\\DELL\\OneDrive - donga.edu.vn\\Documents\\healthcare-system-project-clone\\web\\node_modules\\convert-source-map': 'C:\\Users\\DELL\\OneDrive - donga.edu.vn\\Documents\\healthcare-system-project-clone\\web\\node_modules\\.convert-source-map-tvKWzM0L',
104 silly reify   'C:\\Users\\DELL\\OneDrive - donga.edu.vn\\Documents\\healthcare-system-project-clone\\web\\node_modules\\dunder-proto': 'C:\\Users\\DELL\\OneDrive - donga.edu.vn\\Documents\\healthcare-system-project-clone\\web\\node_modules\\.dunder-proto-VLLFOjKm',
104 silly reify   'C:\\Users\\DELL\\OneDrive - donga.edu.vn\\Documents\\healthcare-system-project-clone\\web\\node_modules\\electron-to-chromium': 'C:\\Users\\DELL\\OneDrive - donga.edu.vn\\Documents\\healthcare-system-project-clone\\web\\node_modules\\.electron-to-chromium-0R5MGNgR',
104 silly reify   'C:\\Users\\DELL\\OneDrive - donga.edu.vn\\Documents\\healthcare-system-project-clone\\web\\node_modules\\es-define-property': 'C:\\Users\\DELL\\OneDrive - donga.edu.vn\\Documents\\healthcare-system-project-clone\\web\\node_modules\\.es-define-property-axHXjyHW',
104 silly reify   'C:\\Users\\DELL\\OneDrive - donga.edu.vn\\Documents\\healthcare-system-project-clone\\web\\node_modules\\es-errors': 'C:\\Users\\DELL\\OneDrive - donga.edu.vn\\Documents\\healthcare-system-project-clone\\web\\node_modules\\.es-errors-PQWXmiR1',
104 silly reify   'C:\\Users\\DELL\\OneDrive - donga.edu.vn\\Documents\\healthcare-system-project-clone\\web\\node_modules\\es-object-atoms': 'C:\\Users\\DELL\\OneDrive - donga.edu.vn\\Documents\\healthcare-system-project-clone\\web\\node_modules\\.es-object-atoms-LsMLTW0k',
104 silly reify   'C:\\Users\\DELL\\OneDrive - donga.edu.vn\\Documents\\healthcare-system-project-clone\\web\\node_modules\\es-set-tostringtag': 'C:\\Users\\DELL\\OneDrive - donga.edu.vn\\Documents\\healthcare-system-project-clone\\web\\node_modules\\.es-set-tostringtag-Q6GScQhb',
104 silly reify   'C:\\Users\\DELL\\OneDrive - donga.edu.vn\\Documents\\healthcare-system-project-clone\\web\\node_modules\\esbuild': 'C:\\Users\\DELL\\OneDrive - donga.edu.vn\\Documents\\healthcare-system-project-clone\\web\\node_modules\\.esbuild-j7a8McNT',
104 silly reify   'C:\\Users\\DELL\\OneDrive - donga.edu.vn\\Documents\\healthcare-system-project-clone\\web\\node_modules\\escalade': 'C:\\Users\\DELL\\OneDrive - donga.edu.vn\\Documents\\healthcare-system-project-clone\\web\\node_modules\\.escalade-axqajavf',
104 silly reify   'C:\\Users\\DELL\\OneDrive - donga.edu.vn\\Documents\\healthcare-system-project-clone\\web\\node_modules\\form-data': 'C:\\Users\\DELL\\OneDrive - donga.edu.vn\\Documents\\healthcare-system-project-clone\\web\\node_modules\\.form-data-pbZFk849',
104 silly reify   'C:\\Users\\DELL\\OneDrive - donga.edu.vn\\Documents\\healthcare-system-project-clone\\web\\node_modules\\follow-redirects': 'C:\\Users\\DELL\\OneDrive - donga.edu.vn\\Documents\\healthcare-system-project-clone\\web\\node_modules\\.follow-redirects-dbFXoEpQ',
104 silly reify   'C:\\Users\\DELL\\OneDrive - donga.edu.vn\\Documents\\healthcare-system-project-clone\\web\\node_modules\\function-bind': 'C:\\Users\\DELL\\OneDrive - donga.edu.vn\\Documents\\healthcare-system-project-clone\\web\\node_modules\\.function-bind-5GNzVBcC',
104 silly reify   'C:\\Users\\DELL\\OneDrive - donga.edu.vn\\Documents\\healthcare-system-project-clone\\web\\node_modules\\gensync': 'C:\\Users\\DELL\\OneDrive - donga.edu.vn\\Documents\\healthcare-system-project-clone\\web\\node_modules\\.gensync-WorMZ7NV',
104 silly reify   'C:\\Users\\DELL\\OneDrive - donga.edu.vn\\Documents\\healthcare-system-project-clone\\web\\node_modules\\get-intrinsic': 'C:\\Users\\DELL\\OneDrive - donga.edu.vn\\Documents\\healthcare-system-project-clone\\web\\node_modules\\.get-intrinsic-epdBhBOY',
104 silly reify   'C:\\Users\\DELL\\OneDrive - donga.edu.vn\\Documents\\healthcare-system-project-clone\\web\\node_modules\\get-proto': 'C:\\Users\\DELL\\OneDrive - donga.edu.vn\\Documents\\healthcare-system-project-clone\\web\\node_modules\\.get-proto-tGaLt6uV',
104 silly reify   'C:\\Users\\DELL\\OneDrive - donga.edu.vn\\Documents\\healthcare-system-project-clone\\web\\node_modules\\has-symbols': 'C:\\Users\\DELL\\OneDrive - donga.edu.vn\\Documents\\healthcare-system-project-clone\\web\\node_modules\\.has-symbols-iikpgpjb',
104 silly reify   'C:\\Users\\DELL\\OneDrive - donga.edu.vn\\Documents\\healthcare-system-project-clone\\web\\node_modules\\gopd': 'C:\\Users\\DELL\\OneDrive - donga.edu.vn\\Documents\\healthcare-system-project-clone\\web\\node_modules\\.gopd-LiHxfjRg',
104 silly reify   'C:\\Users\\DELL\\OneDrive - donga.edu.vn\\Documents\\healthcare-system-project-clone\\web\\node_modules\\has-tostringtag': 'C:\\Users\\DELL\\OneDrive - donga.edu.vn\\Documents\\healthcare-system-project-clone\\web\\node_modules\\.has-tostringtag-Z6HuSWMW',
104 silly reify   'C:\\Users\\DELL\\OneDrive - donga.edu.vn\\Documents\\healthcare-system-project-clone\\web\\node_modules\\js-tokens': 'C:\\Users\\DELL\\OneDrive - donga.edu.vn\\Documents\\healthcare-system-project-clone\\web\\node_modules\\.js-tokens-4iwyS0Qi',
104 silly reify   'C:\\Users\\DELL\\OneDrive - donga.edu.vn\\Documents\\healthcare-system-project-clone\\web\\node_modules\\hasown': 'C:\\Users\\DELL\\OneDrive - donga.edu.vn\\Documents\\healthcare-system-project-clone\\web\\node_modules\\.hasown-p7c9iXuc',
104 silly reify   'C:\\Users\\DELL\\OneDrive - donga.edu.vn\\Documents\\healthcare-system-project-clone\\web\\node_modules\\jsesc': 'C:\\Users\\DELL\\OneDrive - donga.edu.vn\\Documents\\healthcare-system-project-clone\\web\\node_modules\\.jsesc-M2DCBFKS',
104 silly reify   'C:\\Users\\DELL\\OneDrive - donga.edu.vn\\Documents\\healthcare-system-project-clone\\web\\node_modules\\loose-envify': 'C:\\Users\\DELL\\OneDrive - donga.edu.vn\\Documents\\healthcare-system-project-clone\\web\\node_modules\\.loose-envify-lM3c86RE',
104 silly reify   'C:\\Users\\DELL\\OneDrive - donga.edu.vn\\Documents\\healthcare-system-project-clone\\web\\node_modules\\lru-cache': 'C:\\Users\\DELL\\OneDrive - donga.edu.vn\\Documents\\healthcare-system-project-clone\\web\\node_modules\\.lru-cache-xJPxIvOD',
104 silly reify   'C:\\Users\\DELL\\OneDrive - donga.edu.vn\\Documents\\healthcare-system-project-clone\\web\\node_modules\\json5': 'C:\\Users\\DELL\\OneDrive - donga.edu.vn\\Documents\\healthcare-system-project-clone\\web\\node_modules\\.json5-qsZrPI7n',
104 silly reify   'C:\\Users\\DELL\\OneDrive - donga.edu.vn\\Documents\\healthcare-system-project-clone\\web\\node_modules\\lucide-react': 'C:\\Users\\DELL\\OneDrive - donga.edu.vn\\Documents\\healthcare-system-project-clone\\web\\node_modules\\.lucide-react-cm94YwvB',
104 silly reify   'C:\\Users\\DELL\\OneDrive - donga.edu.vn\\Documents\\healthcare-system-project-clone\\web\\node_modules\\mime-db': 'C:\\Users\\DELL\\OneDrive - donga.edu.vn\\Documents\\healthcare-system-project-clone\\web\\node_modules\\.mime-db-GdO1BOYV',
104 silly reify   'C:\\Users\\DELL\\OneDrive - donga.edu.vn\\Documents\\healthcare-system-project-clone\\web\\node_modules\\math-intrinsics': 'C:\\Users\\DELL\\OneDrive - donga.edu.vn\\Documents\\healthcare-system-project-clone\\web\\node_modules\\.math-intrinsics-UR3M93j0',
104 silly reify   'C:\\Users\\DELL\\OneDrive - donga.edu.vn\\Documents\\healthcare-system-project-clone\\web\\node_modules\\mime-types': 'C:\\Users\\DELL\\OneDrive - donga.edu.vn\\Documents\\healthcare-system-project-clone\\web\\node_modules\\.mime-types-3IoQIOTU',
104 silly reify   'C:\\Users\\DELL\\OneDrive - donga.edu.vn\\Documents\\healthcare-system-project-clone\\web\\node_modules\\ms': 'C:\\Users\\DELL\\OneDrive - donga.edu.vn\\Documents\\healthcare-system-project-clone\\web\\node_modules\\.ms-60bV9Q6m',
104 silly reify   'C:\\Users\\DELL\\OneDrive - donga.edu.vn\\Documents\\healthcare-system-project-clone\\web\\node_modules\\nanoid': 'C:\\Users\\DELL\\OneDrive - donga.edu.vn\\Documents\\healthcare-system-project-clone\\web\\node_modules\\.nanoid-6ywL7RWN',
104 silly reify   'C:\\Users\\DELL\\OneDrive - donga.edu.vn\\Documents\\healthcare-system-project-clone\\web\\node_modules\\picocolors': 'C:\\Users\\DELL\\OneDrive - donga.edu.vn\\Documents\\healthcare-system-project-clone\\web\\node_modules\\.picocolors-pfVOylPP',
104 silly reify   'C:\\Users\\DELL\\OneDrive - donga.edu.vn\\Documents\\healthcare-system-project-clone\\web\\node_modules\\postcss': 'C:\\Users\\DELL\\OneDrive - donga.edu.vn\\Documents\\healthcare-system-project-clone\\web\\node_modules\\.postcss-J7pWlXh1',
104 silly reify   'C:\\Users\\DELL\\OneDrive - donga.edu.vn\\Documents\\healthcare-system-project-clone\\web\\node_modules\\node-releases': 'C:\\Users\\DELL\\OneDrive - donga.edu.vn\\Documents\\healthcare-system-project-clone\\web\\node_modules\\.node-releases-X0fOf4xH',
104 silly reify   'C:\\Users\\DELL\\OneDrive - donga.edu.vn\\Documents\\healthcare-system-project-clone\\web\\node_modules\\react': 'C:\\Users\\DELL\\OneDrive - donga.edu.vn\\Documents\\healthcare-system-project-clone\\web\\node_modules\\.react-mxsUvB15',
104 silly reify   'C:\\Users\\DELL\\OneDrive - donga.edu.vn\\Documents\\healthcare-system-project-clone\\web\\node_modules\\react-dom': 'C:\\Users\\DELL\\OneDrive - donga.edu.vn\\Documents\\healthcare-system-project-clone\\web\\node_modules\\.react-dom-HBEwkzvx',
104 silly reify   'C:\\Users\\DELL\\OneDrive - donga.edu.vn\\Documents\\healthcare-system-project-clone\\web\\node_modules\\proxy-from-env': 'C:\\Users\\DELL\\OneDrive - donga.edu.vn\\Documents\\healthcare-system-project-clone\\web\\node_modules\\.proxy-from-env-X0XzkSsW',
104 silly reify   'C:\\Users\\DELL\\OneDrive - donga.edu.vn\\Documents\\healthcare-system-project-clone\\web\\node_modules\\react-refresh': 'C:\\Users\\DELL\\OneDrive - donga.edu.vn\\Documents\\healthcare-system-project-clone\\web\\node_modules\\.react-refresh-u5ape6vj',
104 silly reify   'C:\\Users\\DELL\\OneDrive - donga.edu.vn\\Documents\\healthcare-system-project-clone\\web\\node_modules\\react-router-dom': 'C:\\Users\\DELL\\OneDrive - donga.edu.vn\\Documents\\healthcare-system-project-clone\\web\\node_modules\\.react-router-dom-TH9gtUqc',
104 silly reify   'C:\\Users\\DELL\\OneDrive - donga.edu.vn\\Documents\\healthcare-system-project-clone\\web\\node_modules\\react-router': 'C:\\Users\\DELL\\OneDrive - donga.edu.vn\\Documents\\healthcare-system-project-clone\\web\\node_modules\\.react-router-TvvHmAYm',
104 silly reify   'C:\\Users\\DELL\\OneDrive - donga.edu.vn\\Documents\\healthcare-system-project-clone\\web\\node_modules\\rollup': 'C:\\Users\\DELL\\OneDrive - donga.edu.vn\\Documents\\healthcare-system-project-clone\\web\\node_modules\\.rollup-PpxwAYcP',
104 silly reify   'C:\\Users\\DELL\\OneDrive - donga.edu.vn\\Documents\\healthcare-system-project-clone\\web\\node_modules\\scheduler': 'C:\\Users\\DELL\\OneDrive - donga.edu.vn\\Documents\\healthcare-system-project-clone\\web\\node_modules\\.scheduler-YyibsBIV',
104 silly reify   'C:\\Users\\DELL\\OneDrive - donga.edu.vn\\Documents\\healthcare-system-project-clone\\web\\node_modules\\semver': 'C:\\Users\\DELL\\OneDrive - donga.edu.vn\\Documents\\healthcare-system-project-clone\\web\\node_modules\\.semver-9VZzId57',
104 silly reify   'C:\\Users\\DELL\\OneDrive - donga.edu.vn\\Documents\\healthcare-system-project-clone\\web\\node_modules\\source-map-js': 'C:\\Users\\DELL\\OneDrive - donga.edu.vn\\Documents\\healthcare-system-project-clone\\web\\node_modules\\.source-map-js-MnK995nP',
104 silly reify   'C:\\Users\\DELL\\OneDrive - donga.edu.vn\\Documents\\healthcare-system-project-clone\\web\\node_modules\\update-browserslist-db': 'C:\\Users\\DELL\\OneDrive - donga.edu.vn\\Documents\\healthcare-system-project-clone\\web\\node_modules\\.update-browserslist-db-ar53m1a9',
104 silly reify   'C:\\Users\\DELL\\OneDrive - donga.edu.vn\\Documents\\healthcare-system-project-clone\\web\\node_modules\\yallist': 'C:\\Users\\DELL\\OneDrive - donga.edu.vn\\Documents\\healthcare-system-project-clone\\web\\node_modules\\.yallist-A5joAGoT',
104 silly reify   'C:\\Users\\DELL\\OneDrive - donga.edu.vn\\Documents\\healthcare-system-project-clone\\web\\node_modules\\vite': 'C:\\Users\\DELL\\OneDrive - donga.edu.vn\\Documents\\healthcare-system-project-clone\\web\\node_modules\\.vite-ihzVqz5t',
104 silly reify   'C:\\Users\\DELL\\OneDrive - donga.edu.vn\\Documents\\healthcare-system-project-clone\\web\\node_modules\\@babel\\code-frame': 'C:\\Users\\DELL\\OneDrive - donga.edu.vn\\Documents\\healthcare-system-project-clone\\web\\node_modules\\@babel\\.code-frame-yqmw5lVz',
104 silly reify   'C:\\Users\\DELL\\OneDrive - donga.edu.vn\\Documents\\healthcare-system-project-clone\\web\\node_modules\\@babel\\core': 'C:\\Users\\DELL\\OneDrive - donga.edu.vn\\Documents\\healthcare-system-project-clone\\web\\node_modules\\@babel\\.core-xw1jG0eG',
104 silly reify   'C:\\Users\\DELL\\OneDrive - donga.edu.vn\\Documents\\healthcare-system-project-clone\\web\\node_modules\\@babel\\generator': 'C:\\Users\\DELL\\OneDrive - donga.edu.vn\\Documents\\healthcare-system-project-clone\\web\\node_modules\\@babel\\.generator-LrJPgKdN',
104 silly reify   'C:\\Users\\DELL\\OneDrive - donga.edu.vn\\Documents\\healthcare-system-project-clone\\web\\node_modules\\@babel\\compat-data': 'C:\\Users\\DELL\\OneDrive - donga.edu.vn\\Documents\\healthcare-system-project-clone\\web\\node_modules\\@babel\\.compat-data-jkKjwac3',
104 silly reify   'C:\\Users\\DELL\\OneDrive - donga.edu.vn\\Documents\\healthcare-system-project-clone\\web\\node_modules\\@babel\\helper-compilation-targets': 'C:\\Users\\DELL\\OneDrive - donga.edu.vn\\Documents\\healthcare-system-project-clone\\web\\node_modules\\@babel\\.helper-compilation-targets-GyupHbj3',
104 silly reify   'C:\\Users\\DELL\\OneDrive - donga.edu.vn\\Documents\\healthcare-system-project-clone\\web\\node_modules\\@babel\\helper-module-imports': 'C:\\Users\\DELL\\OneDrive - donga.edu.vn\\Documents\\healthcare-system-project-clone\\web\\node_modules\\@babel\\.helper-module-imports-7JDkRa57',
104 silly reify   'C:\\Users\\DELL\\OneDrive - donga.edu.vn\\Documents\\healthcare-system-project-clone\\web\\node_modules\\@babel\\helper-globals': 'C:\\Users\\DELL\\OneDrive - donga.edu.vn\\Documents\\healthcare-system-project-clone\\web\\node_modules\\@babel\\.helper-globals-OcNdiuoy',
104 silly reify   'C:\\Users\\DELL\\OneDrive - donga.edu.vn\\Documents\\healthcare-system-project-clone\\web\\node_modules\\@babel\\helper-module-transforms': 'C:\\Users\\DELL\\OneDrive - donga.edu.vn\\Documents\\healthcare-system-project-clone\\web\\node_modules\\@babel\\.helper-module-transforms-h7XNMlFb',
104 silly reify   'C:\\Users\\DELL\\OneDrive - donga.edu.vn\\Documents\\healthcare-system-project-clone\\web\\node_modules\\@babel\\helper-plugin-utils': 'C:\\Users\\DELL\\OneDrive - donga.edu.vn\\Documents\\healthcare-system-project-clone\\web\\node_modules\\@babel\\.helper-plugin-utils-h8o3yQua',
104 silly reify   'C:\\Users\\DELL\\OneDrive - donga.edu.vn\\Documents\\healthcare-system-project-clone\\web\\node_modules\\@babel\\helper-validator-identifier': 'C:\\Users\\DELL\\OneDrive - donga.edu.vn\\Documents\\healthcare-system-project-clone\\web\\node_modules\\@babel\\.helper-validator-identifier-x0Y7YJhm',
104 silly reify   'C:\\Users\\DELL\\OneDrive - donga.edu.vn\\Documents\\healthcare-system-project-clone\\web\\node_modules\\@babel\\helper-string-parser': 'C:\\Users\\DELL\\OneDrive - donga.edu.vn\\Documents\\healthcare-system-project-clone\\web\\node_modules\\@babel\\.helper-string-parser-OL8bKXaP',
104 silly reify   'C:\\Users\\DELL\\OneDrive - donga.edu.vn\\Documents\\healthcare-system-project-clone\\web\\node_modules\\@babel\\helper-validator-option': 'C:\\Users\\DELL\\OneDrive - donga.edu.vn\\Documents\\healthcare-system-project-clone\\web\\node_modules\\@babel\\.helper-validator-option-bjdY8bk2',
104 silly reify   'C:\\Users\\DELL\\OneDrive - donga.edu.vn\\Documents\\healthcare-system-project-clone\\web\\node_modules\\@babel\\helpers': 'C:\\Users\\DELL\\OneDrive - donga.edu.vn\\Documents\\healthcare-system-project-clone\\web\\node_modules\\@babel\\.helpers-VxOOltLC',
104 silly reify   'C:\\Users\\DELL\\OneDrive - donga.edu.vn\\Documents\\healthcare-system-project-clone\\web\\node_modules\\@babel\\parser': 'C:\\Users\\DELL\\OneDrive - donga.edu.vn\\Documents\\healthcare-system-project-clone\\web\\node_modules\\@babel\\.parser-BYJTRL5y',
104 silly reify   'C:\\Users\\DELL\\OneDrive - donga.edu.vn\\Documents\\healthcare-system-project-clone\\web\\node_modules\\@babel\\plugin-transform-react-jsx-self': 'C:\\Users\\DELL\\OneDrive - donga.edu.vn\\Documents\\healthcare-system-project-clone\\web\\node_modules\\@babel\\.plugin-transform-react-jsx-self-KeAQYbw0',
104 silly reify   'C:\\Users\\DELL\\OneDrive - donga.edu.vn\\Documents\\healthcare-system-project-clone\\web\\node_modules\\@babel\\plugin-transform-react-jsx-source': 'C:\\Users\\DELL\\OneDrive - donga.edu.vn\\Documents\\healthcare-system-project-clone\\web\\node_modules\\@babel\\.plugin-transform-react-jsx-source-pkOUjnXR',
104 silly reify   'C:\\Users\\DELL\\OneDrive - donga.edu.vn\\Documents\\healthcare-system-project-clone\\web\\node_modules\\@babel\\traverse': 'C:\\Users\\DELL\\OneDrive - donga.edu.vn\\Documents\\healthcare-system-project-clone\\web\\node_modules\\@babel\\.traverse-Kuh6uUvc',
104 silly reify   'C:\\Users\\DELL\\OneDrive - donga.edu.vn\\Documents\\healthcare-system-project-clone\\web\\node_modules\\@babel\\template': 'C:\\Users\\DELL\\OneDrive - donga.edu.vn\\Documents\\healthcare-system-project-clone\\web\\node_modules\\@babel\\.template-nImFDUds',
104 silly reify   'C:\\Users\\DELL\\OneDrive - donga.edu.vn\\Documents\\healthcare-system-project-clone\\web\\node_modules\\@babel\\types': 'C:\\Users\\DELL\\OneDrive - donga.edu.vn\\Documents\\healthcare-system-project-clone\\web\\node_modules\\@babel\\.types-fHZtnFxp',
104 silly reify   'C:\\Users\\DELL\\OneDrive - donga.edu.vn\\Documents\\healthcare-system-project-clone\\web\\node_modules\\@esbuild\\win32-x64': 'C:\\Users\\DELL\\OneDrive - donga.edu.vn\\Documents\\healthcare-system-project-clone\\web\\node_modules\\@esbuild\\.win32-x64-5UETzg7I',
104 silly reify   'C:\\Users\\DELL\\OneDrive - donga.edu.vn\\Documents\\healthcare-system-project-clone\\web\\node_modules\\@remix-run\\router': 'C:\\Users\\DELL\\OneDrive - donga.edu.vn\\Documents\\healthcare-system-project-clone\\web\\node_modules\\@remix-run\\.router-kWjMH4qt',
104 silly reify   'C:\\Users\\DELL\\OneDrive - donga.edu.vn\\Documents\\healthcare-system-project-clone\\web\\node_modules\\@jridgewell\\gen-mapping': 'C:\\Users\\DELL\\OneDrive - donga.edu.vn\\Documents\\healthcare-system-project-clone\\web\\node_modules\\@jridgewell\\.gen-mapping-0vit2YKn',
104 silly reify   'C:\\Users\\DELL\\OneDrive - donga.edu.vn\\Documents\\healthcare-system-project-clone\\web\\node_modules\\@jridgewell\\resolve-uri': 'C:\\Users\\DELL\\OneDrive - donga.edu.vn\\Documents\\healthcare-system-project-clone\\web\\node_modules\\@jridgewell\\.resolve-uri-HhJbDxLt',
104 silly reify   'C:\\Users\\DELL\\OneDrive - donga.edu.vn\\Documents\\healthcare-system-project-clone\\web\\node_modules\\@jridgewell\\remapping': 'C:\\Users\\DELL\\OneDrive - donga.edu.vn\\Documents\\healthcare-system-project-clone\\web\\node_modules\\@jridgewell\\.remapping-an7DhAfF',
104 silly reify   'C:\\Users\\DELL\\OneDrive - donga.edu.vn\\Documents\\healthcare-system-project-clone\\web\\node_modules\\@jridgewell\\sourcemap-codec': 'C:\\Users\\DELL\\OneDrive - donga.edu.vn\\Documents\\healthcare-system-project-clone\\web\\node_modules\\@jridgewell\\.sourcemap-codec-VJUfNz7q',
104 silly reify   'C:\\Users\\DELL\\OneDrive - donga.edu.vn\\Documents\\healthcare-system-project-clone\\web\\node_modules\\@jridgewell\\trace-mapping': 'C:\\Users\\DELL\\OneDrive - donga.edu.vn\\Documents\\healthcare-system-project-clone\\web\\node_modules\\@jridgewell\\.trace-mapping-tAeasgwP',
104 silly reify   'C:\\Users\\DELL\\OneDrive - donga.edu.vn\\Documents\\healthcare-system-project-clone\\web\\node_modules\\@rollup\\rollup-win32-x64-gnu': 'C:\\Users\\DELL\\OneDrive - donga.edu.vn\\Documents\\healthcare-system-project-clone\\web\\node_modules\\@rollup\\.rollup-win32-x64-gnu-Sw5xXSMV',
104 silly reify   'C:\\Users\\DELL\\OneDrive - donga.edu.vn\\Documents\\healthcare-system-project-clone\\web\\node_modules\\@rollup\\rollup-win32-x64-msvc': 'C:\\Users\\DELL\\OneDrive - donga.edu.vn\\Documents\\healthcare-system-project-clone\\web\\node_modules\\@rollup\\.rollup-win32-x64-msvc-XiApgmmU',
104 silly reify   'C:\\Users\\DELL\\OneDrive - donga.edu.vn\\Documents\\healthcare-system-project-clone\\web\\node_modules\\@rolldown\\pluginutils': 'C:\\Users\\DELL\\OneDrive - donga.edu.vn\\Documents\\healthcare-system-project-clone\\web\\node_modules\\@rolldown\\.pluginutils-3J2iKP8L',
104 silly reify   'C:\\Users\\DELL\\OneDrive - donga.edu.vn\\Documents\\healthcare-system-project-clone\\web\\node_modules\\@types\\babel__core': 'C:\\Users\\DELL\\OneDrive - donga.edu.vn\\Documents\\healthcare-system-project-clone\\web\\node_modules\\@types\\.babel__core-ckluQ00H',
104 silly reify   'C:\\Users\\DELL\\OneDrive - donga.edu.vn\\Documents\\healthcare-system-project-clone\\web\\node_modules\\@types\\babel__generator': 'C:\\Users\\DELL\\OneDrive - donga.edu.vn\\Documents\\healthcare-system-project-clone\\web\\node_modules\\@types\\.babel__generator-vLr3bmOL',
104 silly reify   'C:\\Users\\DELL\\OneDrive - donga.edu.vn\\Documents\\healthcare-system-project-clone\\web\\node_modules\\@types\\estree': 'C:\\Users\\DELL\\OneDrive - donga.edu.vn\\Documents\\healthcare-system-project-clone\\web\\node_modules\\@types\\.estree-XKG2nLxH',
104 silly reify   'C:\\Users\\DELL\\OneDrive - donga.edu.vn\\Documents\\healthcare-system-project-clone\\web\\node_modules\\@types\\babel__traverse': 'C:\\Users\\DELL\\OneDrive - donga.edu.vn\\Documents\\healthcare-system-project-clone\\web\\node_modules\\@types\\.babel__traverse-jOtKypJu',
104 silly reify   'C:\\Users\\DELL\\OneDrive - donga.edu.vn\\Documents\\healthcare-system-project-clone\\web\\node_modules\\@vitejs\\plugin-react': 'C:\\Users\\DELL\\OneDrive - donga.edu.vn\\Documents\\healthcare-system-project-clone\\web\\node_modules\\@vitejs\\.plugin-react-0Jfbmhpa',
104 silly reify   'C:\\Users\\DELL\\OneDrive - donga.edu.vn\\Documents\\healthcare-system-project-clone\\web\\node_modules\\@types\\babel__template': 'C:\\Users\\DELL\\OneDrive - donga.edu.vn\\Documents\\healthcare-system-project-clone\\web\\node_modules\\@types\\.babel__template-mij3HjXs'
104 silly reify }
105 http cache @types/babel__template@https://registry.npmjs.org/@types/babel__template/-/babel__template-7.4.4.tgz 0ms (cache hit)
106 http cache @vitejs/plugin-react@https://registry.npmjs.org/@vitejs/plugin-react/-/plugin-react-4.7.0.tgz 0ms (cache hit)
107 http cache @types/babel__traverse@https://registry.npmjs.org/@types/babel__traverse/-/babel__traverse-7.28.0.tgz 0ms (cache hit)
108 http cache @types/babel__generator@https://registry.npmjs.org/@types/babel__generator/-/babel__generator-7.27.0.tgz 0ms (cache hit)
109 http cache @types/estree@https://registry.npmjs.org/@types/estree/-/estree-1.0.8.tgz 0ms (cache hit)
110 http cache @rolldown/pluginutils@https://registry.npmjs.org/@rolldown/pluginutils/-/pluginutils-1.0.0-beta.27.tgz 0ms (cache hit)
111 http cache @types/babel__core@https://registry.npmjs.org/@types/babel__core/-/babel__core-7.20.5.tgz 0ms (cache hit)
112 http cache @rollup/rollup-win32-x64-msvc@https://registry.npmjs.org/@rollup/rollup-win32-x64-msvc/-/rollup-win32-x64-msvc-4.60.0.tgz 0ms (cache hit)
113 http cache @jridgewell/sourcemap-codec@https://registry.npmjs.org/@jridgewell/sourcemap-codec/-/sourcemap-codec-1.5.5.tgz 0ms (cache hit)
114 http cache @jridgewell/trace-mapping@https://registry.npmjs.org/@jridgewell/trace-mapping/-/trace-mapping-0.3.31.tgz 0ms (cache hit)
115 http cache @rollup/rollup-win32-x64-gnu@https://registry.npmjs.org/@rollup/rollup-win32-x64-gnu/-/rollup-win32-x64-gnu-4.60.0.tgz 0ms (cache hit)
116 http cache @jridgewell/remapping@https://registry.npmjs.org/@jridgewell/remapping/-/remapping-2.3.5.tgz 0ms (cache hit)
117 http cache @jridgewell/resolve-uri@https://registry.npmjs.org/@jridgewell/resolve-uri/-/resolve-uri-3.1.2.tgz 0ms (cache hit)
118 http cache @esbuild/win32-x64@https://registry.npmjs.org/@esbuild/win32-x64/-/win32-x64-0.21.5.tgz 0ms (cache hit)
119 http cache @remix-run/router@https://registry.npmjs.org/@remix-run/router/-/router-1.23.2.tgz 0ms (cache hit)
120 http cache @jridgewell/gen-mapping@https://registry.npmjs.org/@jridgewell/gen-mapping/-/gen-mapping-0.3.13.tgz 0ms (cache hit)
121 http cache @babel/types@https://registry.npmjs.org/@babel/types/-/types-7.29.0.tgz 0ms (cache hit)
122 http cache @babel/template@https://registry.npmjs.org/@babel/template/-/template-7.28.6.tgz 0ms (cache hit)
123 http cache @babel/plugin-transform-react-jsx-source@https://registry.npmjs.org/@babel/plugin-transform-react-jsx-source/-/plugin-transform-react-jsx-source-7.27.1.tgz 0ms (cache hit)
124 http cache @babel/traverse@https://registry.npmjs.org/@babel/traverse/-/traverse-7.29.0.tgz 0ms (cache hit)
125 http cache @babel/plugin-transform-react-jsx-self@https://registry.npmjs.org/@babel/plugin-transform-react-jsx-self/-/plugin-transform-react-jsx-self-7.27.1.tgz 0ms (cache hit)
126 http cache @babel/parser@https://registry.npmjs.org/@babel/parser/-/parser-7.29.2.tgz 0ms (cache hit)
127 http cache @babel/helpers@https://registry.npmjs.org/@babel/helpers/-/helpers-7.29.2.tgz 0ms (cache hit)
128 http cache @babel/helper-validator-option@https://registry.npmjs.org/@babel/helper-validator-option/-/helper-validator-option-7.27.1.tgz 0ms (cache hit)
129 http cache @babel/helper-string-parser@https://registry.npmjs.org/@babel/helper-string-parser/-/helper-string-parser-7.27.1.tgz 0ms (cache hit)
130 http cache @babel/helper-validator-identifier@https://registry.npmjs.org/@babel/helper-validator-identifier/-/helper-validator-identifier-7.28.5.tgz 0ms (cache hit)
131 http cache @babel/helper-plugin-utils@https://registry.npmjs.org/@babel/helper-plugin-utils/-/helper-plugin-utils-7.28.6.tgz 0ms (cache hit)
132 http cache @babel/helper-globals@https://registry.npmjs.org/@babel/helper-globals/-/helper-globals-7.28.0.tgz 0ms (cache hit)
133 http cache @babel/helper-module-transforms@https://registry.npmjs.org/@babel/helper-module-transforms/-/helper-module-transforms-7.28.6.tgz 0ms (cache hit)
134 http cache @babel/helper-compilation-targets@https://registry.npmjs.org/@babel/helper-compilation-targets/-/helper-compilation-targets-7.28.6.tgz 0ms (cache hit)
135 http cache @babel/helper-module-imports@https://registry.npmjs.org/@babel/helper-module-imports/-/helper-module-imports-7.28.6.tgz 1ms (cache hit)
136 http cache @babel/generator@https://registry.npmjs.org/@babel/generator/-/generator-7.29.1.tgz 0ms (cache hit)
137 http cache @babel/compat-data@https://registry.npmjs.org/@babel/compat-data/-/compat-data-7.29.0.tgz 0ms (cache hit)
138 http cache @babel/code-frame@https://registry.npmjs.org/@babel/code-frame/-/code-frame-7.29.0.tgz 0ms (cache hit)
139 http cache @babel/core@https://registry.npmjs.org/@babel/core/-/core-7.29.0.tgz 0ms (cache hit)
140 http cache vite@https://registry.npmjs.org/vite/-/vite-5.4.21.tgz 0ms (cache hit)
141 http cache yallist@https://registry.npmjs.org/yallist/-/yallist-3.1.1.tgz 0ms (cache hit)
142 http cache update-browserslist-db@https://registry.npmjs.org/update-browserslist-db/-/update-browserslist-db-1.2.3.tgz 0ms (cache hit)
143 http cache semver@https://registry.npmjs.org/semver/-/semver-6.3.1.tgz 0ms (cache hit)
144 http cache react-router@https://registry.npmjs.org/react-router/-/react-router-6.30.3.tgz 0ms (cache hit)
145 http cache scheduler@https://registry.npmjs.org/scheduler/-/scheduler-0.23.2.tgz 0ms (cache hit)
146 http cache rollup@https://registry.npmjs.org/rollup/-/rollup-4.60.0.tgz 0ms (cache hit)
147 http cache react-refresh@https://registry.npmjs.org/react-refresh/-/react-refresh-0.17.0.tgz 0ms (cache hit)
148 http cache react-router-dom@https://registry.npmjs.org/react-router-dom/-/react-router-dom-6.30.3.tgz 0ms (cache hit)
149 http cache proxy-from-env@https://registry.npmjs.org/proxy-from-env/-/proxy-from-env-2.1.0.tgz 0ms (cache hit)
150 http cache react-dom@https://registry.npmjs.org/react-dom/-/react-dom-18.3.1.tgz 0ms (cache hit)
151 http cache react@https://registry.npmjs.org/react/-/react-18.3.1.tgz 1ms (cache hit)
152 http cache node-releases@https://registry.npmjs.org/node-releases/-/node-releases-2.0.36.tgz 0ms (cache hit)
153 http cache postcss@https://registry.npmjs.org/postcss/-/postcss-8.5.8.tgz 0ms (cache hit)
154 http cache picocolors@https://registry.npmjs.org/picocolors/-/picocolors-1.1.1.tgz 0ms (cache hit)
155 http cache nanoid@https://registry.npmjs.org/nanoid/-/nanoid-3.3.11.tgz 0ms (cache hit)
156 http cache source-map-js@https://registry.npmjs.org/source-map-js/-/source-map-js-1.2.1.tgz 0ms (cache hit)
157 http cache ms@https://registry.npmjs.org/ms/-/ms-2.1.3.tgz 0ms (cache hit)
158 http cache math-intrinsics@https://registry.npmjs.org/math-intrinsics/-/math-intrinsics-1.1.0.tgz 0ms (cache hit)
159 http cache mime-types@https://registry.npmjs.org/mime-types/-/mime-types-2.1.35.tgz 0ms (cache hit)
160 http cache lucide-react@https://registry.npmjs.org/lucide-react/-/lucide-react-1.11.0.tgz 0ms (cache hit)
161 http cache json5@https://registry.npmjs.org/json5/-/json5-2.2.3.tgz 0ms (cache hit)
162 http cache loose-envify@https://registry.npmjs.org/loose-envify/-/loose-envify-1.4.0.tgz 0ms (cache hit)
163 http cache mime-db@https://registry.npmjs.org/mime-db/-/mime-db-1.52.0.tgz 0ms (cache hit)
164 http cache lru-cache@https://registry.npmjs.org/lru-cache/-/lru-cache-5.1.1.tgz 0ms (cache hit)
165 http cache hasown@https://registry.npmjs.org/hasown/-/hasown-2.0.2.tgz 0ms (cache hit)
166 http cache jsesc@https://registry.npmjs.org/jsesc/-/jsesc-3.1.0.tgz 0ms (cache hit)
167 http cache js-tokens@https://registry.npmjs.org/js-tokens/-/js-tokens-4.0.0.tgz 0ms (cache hit)
168 http cache has-tostringtag@https://registry.npmjs.org/has-tostringtag/-/has-tostringtag-1.0.2.tgz 0ms (cache hit)
169 http cache gopd@https://registry.npmjs.org/gopd/-/gopd-1.2.0.tgz 0ms (cache hit)
170 http cache has-symbols@https://registry.npmjs.org/has-symbols/-/has-symbols-1.1.0.tgz 0ms (cache hit)
171 http cache get-proto@https://registry.npmjs.org/get-proto/-/get-proto-1.0.1.tgz 0ms (cache hit)
172 http cache get-intrinsic@https://registry.npmjs.org/get-intrinsic/-/get-intrinsic-1.3.0.tgz 0ms (cache hit)
173 http cache gensync@https://registry.npmjs.org/gensync/-/gensync-1.0.0-beta.2.tgz 0ms (cache hit)
174 http cache function-bind@https://registry.npmjs.org/function-bind/-/function-bind-1.1.2.tgz 0ms (cache hit)
175 http cache follow-redirects@https://registry.npmjs.org/follow-redirects/-/follow-redirects-1.15.11.tgz 0ms (cache hit)
176 http cache form-data@https://registry.npmjs.org/form-data/-/form-data-4.0.5.tgz 0ms (cache hit)
177 http cache esbuild@https://registry.npmjs.org/esbuild/-/esbuild-0.21.5.tgz 0ms (cache hit)
178 http cache escalade@https://registry.npmjs.org/escalade/-/escalade-3.2.0.tgz 0ms (cache hit)
179 http cache es-errors@https://registry.npmjs.org/es-errors/-/es-errors-1.3.0.tgz 0ms (cache hit)
180 http cache es-set-tostringtag@https://registry.npmjs.org/es-set-tostringtag/-/es-set-tostringtag-2.1.0.tgz 0ms (cache hit)
181 http cache es-object-atoms@https://registry.npmjs.org/es-object-atoms/-/es-object-atoms-1.1.1.tgz 0ms (cache hit)
182 http cache es-define-property@https://registry.npmjs.org/es-define-property/-/es-define-property-1.0.1.tgz 0ms (cache hit)
183 http cache electron-to-chromium@https://registry.npmjs.org/electron-to-chromium/-/electron-to-chromium-1.5.328.tgz 0ms (cache hit)
184 http cache convert-source-map@https://registry.npmjs.org/convert-source-map/-/convert-source-map-2.0.0.tgz 0ms (cache hit)
185 http cache dunder-proto@https://registry.npmjs.org/dunder-proto/-/dunder-proto-1.0.1.tgz 0ms (cache hit)
186 http cache delayed-stream@https://registry.npmjs.org/delayed-stream/-/delayed-stream-1.0.0.tgz 0ms (cache hit)
187 http cache debug@https://registry.npmjs.org/debug/-/debug-4.4.3.tgz 0ms (cache hit)
188 http cache combined-stream@https://registry.npmjs.org/combined-stream/-/combined-stream-1.0.8.tgz 0ms (cache hit)
189 http cache call-bind-apply-helpers@https://registry.npmjs.org/call-bind-apply-helpers/-/call-bind-apply-helpers-1.0.2.tgz 0ms (cache hit)
190 http cache caniuse-lite@https://registry.npmjs.org/caniuse-lite/-/caniuse-lite-1.0.30001781.tgz 0ms (cache hit)
191 http cache browserslist@https://registry.npmjs.org/browserslist/-/browserslist-4.28.1.tgz 0ms (cache hit)
192 http cache axios@https://registry.npmjs.org/axios/-/axios-1.14.0.tgz 0ms (cache hit)
193 silly tarball no local data for @types/babel__template@https://registry.npmjs.org/@types/babel__template/-/babel__template-7.4.4.tgz. Extracting by manifest.
194 silly tarball no local data for @vitejs/plugin-react@https://registry.npmjs.org/@vitejs/plugin-react/-/plugin-react-4.7.0.tgz. Extracting by manifest.
195 silly tarball no local data for @types/babel__traverse@https://registry.npmjs.org/@types/babel__traverse/-/babel__traverse-7.28.0.tgz. Extracting by manifest.
196 http cache baseline-browser-mapping@https://registry.npmjs.org/baseline-browser-mapping/-/baseline-browser-mapping-2.10.12.tgz 0ms (cache hit)
197 silly tarball no local data for @types/babel__generator@https://registry.npmjs.org/@types/babel__generator/-/babel__generator-7.27.0.tgz. Extracting by manifest.
198 silly tarball no local data for @types/estree@https://registry.npmjs.org/@types/estree/-/estree-1.0.8.tgz. Extracting by manifest.
199 silly tarball no local data for @rolldown/pluginutils@https://registry.npmjs.org/@rolldown/pluginutils/-/pluginutils-1.0.0-beta.27.tgz. Extracting by manifest.
200 silly tarball no local data for @types/babel__core@https://registry.npmjs.org/@types/babel__core/-/babel__core-7.20.5.tgz. Extracting by manifest.
201 silly tarball no local data for @rollup/rollup-win32-x64-msvc@https://registry.npmjs.org/@rollup/rollup-win32-x64-msvc/-/rollup-win32-x64-msvc-4.60.0.tgz. Extracting by manifest.
202 http cache asynckit@https://registry.npmjs.org/asynckit/-/asynckit-0.4.0.tgz 0ms (cache hit)
203 silly tarball no local data for @jridgewell/sourcemap-codec@https://registry.npmjs.org/@jridgewell/sourcemap-codec/-/sourcemap-codec-1.5.5.tgz. Extracting by manifest.
204 silly tarball no local data for @jridgewell/trace-mapping@https://registry.npmjs.org/@jridgewell/trace-mapping/-/trace-mapping-0.3.31.tgz. Extracting by manifest.
205 silly tarball no local data for @rollup/rollup-win32-x64-gnu@https://registry.npmjs.org/@rollup/rollup-win32-x64-gnu/-/rollup-win32-x64-gnu-4.60.0.tgz. Extracting by manifest.
206 silly tarball no local data for @jridgewell/remapping@https://registry.npmjs.org/@jridgewell/remapping/-/remapping-2.3.5.tgz. Extracting by manifest.
207 silly tarball no local data for @jridgewell/resolve-uri@https://registry.npmjs.org/@jridgewell/resolve-uri/-/resolve-uri-3.1.2.tgz. Extracting by manifest.
208 silly tarball no local data for @esbuild/win32-x64@https://registry.npmjs.org/@esbuild/win32-x64/-/win32-x64-0.21.5.tgz. Extracting by manifest.
209 silly tarball no local data for @remix-run/router@https://registry.npmjs.org/@remix-run/router/-/router-1.23.2.tgz. Extracting by manifest.
210 silly tarball no local data for @jridgewell/gen-mapping@https://registry.npmjs.org/@jridgewell/gen-mapping/-/gen-mapping-0.3.13.tgz. Extracting by manifest.
211 silly tarball no local data for @babel/types@https://registry.npmjs.org/@babel/types/-/types-7.29.0.tgz. Extracting by manifest.
212 silly tarball no local data for @babel/template@https://registry.npmjs.org/@babel/template/-/template-7.28.6.tgz. Extracting by manifest.
213 silly tarball no local data for @babel/plugin-transform-react-jsx-source@https://registry.npmjs.org/@babel/plugin-transform-react-jsx-source/-/plugin-transform-react-jsx-source-7.27.1.tgz. Extracting by manifest.
214 silly tarball no local data for @babel/traverse@https://registry.npmjs.org/@babel/traverse/-/traverse-7.29.0.tgz. Extracting by manifest.
215 silly tarball no local data for @babel/plugin-transform-react-jsx-self@https://registry.npmjs.org/@babel/plugin-transform-react-jsx-self/-/plugin-transform-react-jsx-self-7.27.1.tgz. Extracting by manifest.
216 silly tarball no local data for @babel/parser@https://registry.npmjs.org/@babel/parser/-/parser-7.29.2.tgz. Extracting by manifest.
217 silly tarball no local data for @babel/helpers@https://registry.npmjs.org/@babel/helpers/-/helpers-7.29.2.tgz. Extracting by manifest.
218 silly tarball no local data for @babel/helper-validator-option@https://registry.npmjs.org/@babel/helper-validator-option/-/helper-validator-option-7.27.1.tgz. Extracting by manifest.
219 silly tarball no local data for @babel/helper-string-parser@https://registry.npmjs.org/@babel/helper-string-parser/-/helper-string-parser-7.27.1.tgz. Extracting by manifest.
220 silly tarball no local data for @babel/helper-validator-identifier@https://registry.npmjs.org/@babel/helper-validator-identifier/-/helper-validator-identifier-7.28.5.tgz. Extracting by manifest.
221 silly tarball no local data for @babel/helper-plugin-utils@https://registry.npmjs.org/@babel/helper-plugin-utils/-/helper-plugin-utils-7.28.6.tgz. Extracting by manifest.
222 silly tarball no local data for @babel/helper-globals@https://registry.npmjs.org/@babel/helper-globals/-/helper-globals-7.28.0.tgz. Extracting by manifest.
223 silly tarball no local data for @babel/helper-module-transforms@https://registry.npmjs.org/@babel/helper-module-transforms/-/helper-module-transforms-7.28.6.tgz. Extracting by manifest.
224 silly tarball no local data for @babel/helper-compilation-targets@https://registry.npmjs.org/@babel/helper-compilation-targets/-/helper-compilation-targets-7.28.6.tgz. Extracting by manifest.
225 silly tarball no local data for @babel/helper-module-imports@https://registry.npmjs.org/@babel/helper-module-imports/-/helper-module-imports-7.28.6.tgz. Extracting by manifest.
226 silly tarball no local data for @babel/generator@https://registry.npmjs.org/@babel/generator/-/generator-7.29.1.tgz. Extracting by manifest.
227 silly tarball no local data for @babel/compat-data@https://registry.npmjs.org/@babel/compat-data/-/compat-data-7.29.0.tgz. Extracting by manifest.
228 silly tarball no local data for @babel/code-frame@https://registry.npmjs.org/@babel/code-frame/-/code-frame-7.29.0.tgz. Extracting by manifest.
229 silly tarball no local data for @babel/core@https://registry.npmjs.org/@babel/core/-/core-7.29.0.tgz. Extracting by manifest.
230 silly tarball no local data for vite@https://registry.npmjs.org/vite/-/vite-5.4.21.tgz. Extracting by manifest.
231 silly tarball no local data for yallist@https://registry.npmjs.org/yallist/-/yallist-3.1.1.tgz. Extracting by manifest.
232 silly tarball no local data for update-browserslist-db@https://registry.npmjs.org/update-browserslist-db/-/update-browserslist-db-1.2.3.tgz. Extracting by manifest.
233 silly tarball no local data for semver@https://registry.npmjs.org/semver/-/semver-6.3.1.tgz. Extracting by manifest.
234 silly tarball no local data for react-router@https://registry.npmjs.org/react-router/-/react-router-6.30.3.tgz. Extracting by manifest.
235 silly tarball no local data for scheduler@https://registry.npmjs.org/scheduler/-/scheduler-0.23.2.tgz. Extracting by manifest.
236 silly tarball no local data for rollup@https://registry.npmjs.org/rollup/-/rollup-4.60.0.tgz. Extracting by manifest.
237 silly tarball no local data for react-refresh@https://registry.npmjs.org/react-refresh/-/react-refresh-0.17.0.tgz. Extracting by manifest.
238 silly tarball no local data for react-router-dom@https://registry.npmjs.org/react-router-dom/-/react-router-dom-6.30.3.tgz. Extracting by manifest.
239 silly tarball no local data for proxy-from-env@https://registry.npmjs.org/proxy-from-env/-/proxy-from-env-2.1.0.tgz. Extracting by manifest.
240 silly tarball no local data for react-dom@https://registry.npmjs.org/react-dom/-/react-dom-18.3.1.tgz. Extracting by manifest.
241 silly tarball no local data for react@https://registry.npmjs.org/react/-/react-18.3.1.tgz. Extracting by manifest.
242 silly tarball no local data for node-releases@https://registry.npmjs.org/node-releases/-/node-releases-2.0.36.tgz. Extracting by manifest.
243 silly tarball no local data for postcss@https://registry.npmjs.org/postcss/-/postcss-8.5.8.tgz. Extracting by manifest.
244 silly tarball no local data for picocolors@https://registry.npmjs.org/picocolors/-/picocolors-1.1.1.tgz. Extracting by manifest.
245 silly tarball no local data for nanoid@https://registry.npmjs.org/nanoid/-/nanoid-3.3.11.tgz. Extracting by manifest.
246 silly tarball no local data for source-map-js@https://registry.npmjs.org/source-map-js/-/source-map-js-1.2.1.tgz. Extracting by manifest.
247 silly tarball no local data for ms@https://registry.npmjs.org/ms/-/ms-2.1.3.tgz. Extracting by manifest.
248 silly tarball no local data for math-intrinsics@https://registry.npmjs.org/math-intrinsics/-/math-intrinsics-1.1.0.tgz. Extracting by manifest.
249 silly tarball no local data for mime-types@https://registry.npmjs.org/mime-types/-/mime-types-2.1.35.tgz. Extracting by manifest.
250 silly tarball no local data for lucide-react@https://registry.npmjs.org/lucide-react/-/lucide-react-1.11.0.tgz. Extracting by manifest.
251 silly tarball no local data for json5@https://registry.npmjs.org/json5/-/json5-2.2.3.tgz. Extracting by manifest.
252 silly tarball no local data for loose-envify@https://registry.npmjs.org/loose-envify/-/loose-envify-1.4.0.tgz. Extracting by manifest.
253 silly tarball no local data for mime-db@https://registry.npmjs.org/mime-db/-/mime-db-1.52.0.tgz. Extracting by manifest.
254 silly tarball no local data for lru-cache@https://registry.npmjs.org/lru-cache/-/lru-cache-5.1.1.tgz. Extracting by manifest.
255 silly tarball no local data for hasown@https://registry.npmjs.org/hasown/-/hasown-2.0.2.tgz. Extracting by manifest.
256 silly tarball no local data for jsesc@https://registry.npmjs.org/jsesc/-/jsesc-3.1.0.tgz. Extracting by manifest.
257 silly tarball no local data for js-tokens@https://registry.npmjs.org/js-tokens/-/js-tokens-4.0.0.tgz. Extracting by manifest.
258 silly tarball no local data for has-tostringtag@https://registry.npmjs.org/has-tostringtag/-/has-tostringtag-1.0.2.tgz. Extracting by manifest.
259 silly tarball no local data for gopd@https://registry.npmjs.org/gopd/-/gopd-1.2.0.tgz. Extracting by manifest.
260 silly tarball no local data for has-symbols@https://registry.npmjs.org/has-symbols/-/has-symbols-1.1.0.tgz. Extracting by manifest.
261 silly tarball no local data for get-proto@https://registry.npmjs.org/get-proto/-/get-proto-1.0.1.tgz. Extracting by manifest.
262 silly tarball no local data for get-intrinsic@https://registry.npmjs.org/get-intrinsic/-/get-intrinsic-1.3.0.tgz. Extracting by manifest.
263 silly tarball no local data for gensync@https://registry.npmjs.org/gensync/-/gensync-1.0.0-beta.2.tgz. Extracting by manifest.
264 silly tarball no local data for function-bind@https://registry.npmjs.org/function-bind/-/function-bind-1.1.2.tgz. Extracting by manifest.
265 silly tarball no local data for follow-redirects@https://registry.npmjs.org/follow-redirects/-/follow-redirects-1.15.11.tgz. Extracting by manifest.
266 silly tarball no local data for form-data@https://registry.npmjs.org/form-data/-/form-data-4.0.5.tgz. Extracting by manifest.
267 silly tarball no local data for esbuild@https://registry.npmjs.org/esbuild/-/esbuild-0.21.5.tgz. Extracting by manifest.
268 silly tarball no local data for escalade@https://registry.npmjs.org/escalade/-/escalade-3.2.0.tgz. Extracting by manifest.
269 silly tarball no local data for es-errors@https://registry.npmjs.org/es-errors/-/es-errors-1.3.0.tgz. Extracting by manifest.
270 silly tarball no local data for es-set-tostringtag@https://registry.npmjs.org/es-set-tostringtag/-/es-set-tostringtag-2.1.0.tgz. Extracting by manifest.
271 silly tarball no local data for es-object-atoms@https://registry.npmjs.org/es-object-atoms/-/es-object-atoms-1.1.1.tgz. Extracting by manifest.
272 silly tarball no local data for es-define-property@https://registry.npmjs.org/es-define-property/-/es-define-property-1.0.1.tgz. Extracting by manifest.
273 silly tarball no local data for electron-to-chromium@https://registry.npmjs.org/electron-to-chromium/-/electron-to-chromium-1.5.328.tgz. Extracting by manifest.
274 silly tarball no local data for convert-source-map@https://registry.npmjs.org/convert-source-map/-/convert-source-map-2.0.0.tgz. Extracting by manifest.
275 silly tarball no local data for dunder-proto@https://registry.npmjs.org/dunder-proto/-/dunder-proto-1.0.1.tgz. Extracting by manifest.
276 silly tarball no local data for delayed-stream@https://registry.npmjs.org/delayed-stream/-/delayed-stream-1.0.0.tgz. Extracting by manifest.
277 silly tarball no local data for debug@https://registry.npmjs.org/debug/-/debug-4.4.3.tgz. Extracting by manifest.
278 silly tarball no local data for combined-stream@https://registry.npmjs.org/combined-stream/-/combined-stream-1.0.8.tgz. Extracting by manifest.
279 silly tarball no local data for call-bind-apply-helpers@https://registry.npmjs.org/call-bind-apply-helpers/-/call-bind-apply-helpers-1.0.2.tgz. Extracting by manifest.
280 silly tarball no local data for caniuse-lite@https://registry.npmjs.org/caniuse-lite/-/caniuse-lite-1.0.30001781.tgz. Extracting by manifest.
281 silly tarball no local data for browserslist@https://registry.npmjs.org/browserslist/-/browserslist-4.28.1.tgz. Extracting by manifest.
282 silly tarball no local data for axios@https://registry.npmjs.org/axios/-/axios-1.14.0.tgz. Extracting by manifest.
283 silly tarball no local data for baseline-browser-mapping@https://registry.npmjs.org/baseline-browser-mapping/-/baseline-browser-mapping-2.10.12.tgz. Extracting by manifest.
284 silly tarball no local data for asynckit@https://registry.npmjs.org/asynckit/-/asynckit-0.4.0.tgz. Extracting by manifest.
285 http fetch GET 200 https://registry.npmjs.org/@types/babel__generator/-/babel__generator-7.27.0.tgz 591ms (cache miss)
286 http fetch GET 200 https://registry.npmjs.org/@types/estree/-/estree-1.0.8.tgz 630ms (cache miss)
287 http fetch GET 200 https://registry.npmjs.org/@babel/plugin-transform-react-jsx-source/-/plugin-transform-react-jsx-source-7.27.1.tgz 622ms (cache miss)
288 http fetch GET 200 https://registry.npmjs.org/@babel/plugin-transform-react-jsx-self/-/plugin-transform-react-jsx-self-7.27.1.tgz 648ms (cache miss)
289 http fetch GET 200 https://registry.npmjs.org/@types/babel__core/-/babel__core-7.20.5.tgz 661ms (cache miss)
290 http fetch GET 200 https://registry.npmjs.org/@rolldown/pluginutils/-/pluginutils-1.0.0-beta.27.tgz 689ms (cache miss)
291 http fetch GET 200 https://registry.npmjs.org/@types/babel__traverse/-/babel__traverse-7.28.0.tgz 752ms (cache miss)
292 http fetch GET 200 https://registry.npmjs.org/@babel/helper-plugin-utils/-/helper-plugin-utils-7.28.6.tgz 736ms (cache miss)
293 http fetch GET 200 https://registry.npmjs.org/@types/babel__template/-/babel__template-7.4.4.tgz 762ms (cache miss)
294 http fetch GET 200 https://registry.npmjs.org/yallist/-/yallist-3.1.1.tgz 828ms (cache miss)
295 http fetch GET 200 https://registry.npmjs.org/@jridgewell/resolve-uri/-/resolve-uri-3.1.2.tgz 961ms (cache miss)
296 http fetch GET 200 https://registry.npmjs.org/@babel/helper-globals/-/helper-globals-7.28.0.tgz 961ms (cache miss)
297 http fetch GET 200 https://registry.npmjs.org/picocolors/-/picocolors-1.1.1.tgz 947ms (cache miss)
298 http fetch GET 200 https://registry.npmjs.org/ms/-/ms-2.1.3.tgz 981ms (cache miss)
299 http fetch GET 200 https://registry.npmjs.org/mime-types/-/mime-types-2.1.35.tgz 1035ms (cache miss)
300 http fetch GET 200 https://registry.npmjs.org/has-symbols/-/has-symbols-1.1.0.tgz 1041ms (cache miss)
301 http fetch GET 200 https://registry.npmjs.org/@babel/helper-string-parser/-/helper-string-parser-7.27.1.tgz 1086ms (cache miss)
302 http fetch GET 200 https://registry.npmjs.org/update-browserslist-db/-/update-browserslist-db-1.2.3.tgz 1079ms (cache miss)
303 http fetch GET 200 https://registry.npmjs.org/node-releases/-/node-releases-2.0.36.tgz 1089ms (cache miss)
304 http fetch GET 200 https://registry.npmjs.org/lru-cache/-/lru-cache-5.1.1.tgz 1083ms (cache miss)
305 http fetch GET 200 https://registry.npmjs.org/gopd/-/gopd-1.2.0.tgz 1089ms (cache miss)
306 http fetch GET 200 https://registry.npmjs.org/follow-redirects/-/follow-redirects-1.15.11.tgz 1096ms (cache miss)
307 http fetch GET 200 https://registry.npmjs.org/es-errors/-/es-errors-1.3.0.tgz 1091ms (cache miss)
308 http fetch GET 200 https://registry.npmjs.org/get-proto/-/get-proto-1.0.1.tgz 1119ms (cache miss)
309 http fetch GET 200 https://registry.npmjs.org/get-intrinsic/-/get-intrinsic-1.3.0.tgz 1119ms (cache miss)
310 http fetch GET 200 https://registry.npmjs.org/escalade/-/escalade-3.2.0.tgz 1127ms (cache miss)
311 http fetch GET 200 https://registry.npmjs.org/proxy-from-env/-/proxy-from-env-2.1.0.tgz 1159ms (cache miss)
312 http fetch GET 200 https://registry.npmjs.org/js-tokens/-/js-tokens-4.0.0.tgz 1151ms (cache miss)
313 http fetch GET 200 https://registry.npmjs.org/convert-source-map/-/convert-source-map-2.0.0.tgz 1134ms (cache miss)
314 http fetch GET 200 https://registry.npmjs.org/has-tostringtag/-/has-tostringtag-1.0.2.tgz 1156ms (cache miss)
315 http fetch GET 200 https://registry.npmjs.org/es-object-atoms/-/es-object-atoms-1.1.1.tgz 1156ms (cache miss)
316 http fetch GET 200 https://registry.npmjs.org/jsesc/-/jsesc-3.1.0.tgz 1195ms (cache miss)
317 http fetch GET 200 https://registry.npmjs.org/es-define-property/-/es-define-property-1.0.1.tgz 1179ms (cache miss)
318 http fetch GET 200 https://registry.npmjs.org/delayed-stream/-/delayed-stream-1.0.0.tgz 1176ms (cache miss)
319 http fetch GET 200 https://registry.npmjs.org/asynckit/-/asynckit-0.4.0.tgz 1152ms (cache miss)
320 http fetch GET 200 https://registry.npmjs.org/dunder-proto/-/dunder-proto-1.0.1.tgz 1180ms (cache miss)
321 http fetch GET 200 https://registry.npmjs.org/@babel/helper-validator-option/-/helper-validator-option-7.27.1.tgz 1233ms (cache miss)
322 http fetch GET 200 https://registry.npmjs.org/@vitejs/plugin-react/-/plugin-react-4.7.0.tgz 1258ms (cache miss)
323 http fetch GET 200 https://registry.npmjs.org/@babel/code-frame/-/code-frame-7.29.0.tgz 1252ms (cache miss)
324 http fetch GET 200 https://registry.npmjs.org/combined-stream/-/combined-stream-1.0.8.tgz 1221ms (cache miss)
325 http fetch GET 200 https://registry.npmjs.org/loose-envify/-/loose-envify-1.4.0.tgz 1264ms (cache miss)
326 http fetch GET 200 https://registry.npmjs.org/mime-db/-/mime-db-1.52.0.tgz 1269ms (cache miss)
327 http fetch GET 200 https://registry.npmjs.org/gensync/-/gensync-1.0.0-beta.2.tgz 1268ms (cache miss)
328 http fetch GET 200 https://registry.npmjs.org/react-refresh/-/react-refresh-0.17.0.tgz 1289ms (cache miss)
329 http fetch GET 200 https://registry.npmjs.org/@babel/helper-validator-identifier/-/helper-validator-identifier-7.28.5.tgz 1320ms (cache miss)
330 http fetch GET 200 https://registry.npmjs.org/semver/-/semver-6.3.1.tgz 1326ms (cache miss)
331 http fetch GET 200 https://registry.npmjs.org/form-data/-/form-data-4.0.5.tgz 1364ms (cache miss)
332 http fetch GET 200 https://registry.npmjs.org/es-set-tostringtag/-/es-set-tostringtag-2.1.0.tgz 1362ms (cache miss)
333 http fetch GET 200 https://registry.npmjs.org/debug/-/debug-4.4.3.tgz 1363ms (cache miss)
334 http fetch GET 200 https://registry.npmjs.org/@babel/helper-module-imports/-/helper-module-imports-7.28.6.tgz 1433ms (cache miss)
335 http fetch GET 200 https://registry.npmjs.org/hasown/-/hasown-2.0.2.tgz 1409ms (cache miss)
336 http fetch GET 200 https://registry.npmjs.org/esbuild/-/esbuild-0.21.5.tgz 1490ms (cache miss)
337 http fetch GET 200 https://registry.npmjs.org/browserslist/-/browserslist-4.28.1.tgz 1505ms (cache miss)
338 http fetch GET 200 https://registry.npmjs.org/function-bind/-/function-bind-1.1.2.tgz 1547ms (cache miss)
339 http fetch GET 200 https://registry.npmjs.org/@babel/compat-data/-/compat-data-7.29.0.tgz 1587ms (cache miss)
340 http fetch GET 200 https://registry.npmjs.org/electron-to-chromium/-/electron-to-chromium-1.5.328.tgz 1644ms (cache miss)
341 http fetch GET 200 https://registry.npmjs.org/baseline-browser-mapping/-/baseline-browser-mapping-2.10.12.tgz 1622ms (cache miss)
342 http fetch GET 200 https://registry.npmjs.org/@babel/helper-compilation-targets/-/helper-compilation-targets-7.28.6.tgz 1759ms (cache miss)
343 http fetch GET 200 https://registry.npmjs.org/scheduler/-/scheduler-0.23.2.tgz 1750ms (cache miss)
344 http fetch GET 200 https://registry.npmjs.org/@babel/template/-/template-7.28.6.tgz 1827ms (cache miss)
345 http fetch GET 200 https://registry.npmjs.org/call-bind-apply-helpers/-/call-bind-apply-helpers-1.0.2.tgz 1811ms (cache miss)
346 http fetch GET 200 https://registry.npmjs.org/source-map-js/-/source-map-js-1.2.1.tgz 1886ms (cache miss)
347 http fetch GET 200 https://registry.npmjs.org/@babel/helper-module-transforms/-/helper-module-transforms-7.28.6.tgz 1907ms (cache miss)
348 http fetch GET 200 https://registry.npmjs.org/react/-/react-18.3.1.tgz 1940ms (cache miss)
349 http fetch GET 200 https://registry.npmjs.org/nanoid/-/nanoid-3.3.11.tgz 1965ms (cache miss)
350 http fetch GET 200 https://registry.npmjs.org/json5/-/json5-2.2.3.tgz 1992ms (cache miss)
351 http fetch GET 200 https://registry.npmjs.org/@jridgewell/sourcemap-codec/-/sourcemap-codec-1.5.5.tgz 2047ms (cache miss)
352 http fetch GET 200 https://registry.npmjs.org/@jridgewell/remapping/-/remapping-2.3.5.tgz 2160ms (cache miss)
353 http fetch GET 200 https://registry.npmjs.org/math-intrinsics/-/math-intrinsics-1.1.0.tgz 2129ms (cache miss)
354 http fetch GET 200 https://registry.npmjs.org/@jridgewell/gen-mapping/-/gen-mapping-0.3.13.tgz 2179ms (cache miss)
355 http fetch GET 200 https://registry.npmjs.org/@babel/parser/-/parser-7.29.2.tgz 2228ms (cache miss)
356 http fetch GET 200 https://registry.npmjs.org/react-router-dom/-/react-router-dom-6.30.3.tgz 2227ms (cache miss)
357 http fetch GET 200 https://registry.npmjs.org/react-router/-/react-router-6.30.3.tgz 2245ms (cache miss)
358 http fetch GET 200 https://registry.npmjs.org/@rollup/rollup-win32-x64-gnu/-/rollup-win32-x64-gnu-4.60.0.tgz 2279ms (cache miss)
359 http fetch GET 200 https://registry.npmjs.org/@rollup/rollup-win32-x64-msvc/-/rollup-win32-x64-msvc-4.60.0.tgz 2337ms (cache miss)
360 http fetch GET 200 https://registry.npmjs.org/@jridgewell/trace-mapping/-/trace-mapping-0.3.31.tgz 2505ms (cache miss)
361 http fetch GET 200 https://registry.npmjs.org/@remix-run/router/-/router-1.23.2.tgz 2540ms (cache miss)
362 http fetch GET 200 https://registry.npmjs.org/postcss/-/postcss-8.5.8.tgz 2548ms (cache miss)
363 http fetch GET 200 https://registry.npmjs.org/@babel/generator/-/generator-7.29.1.tgz 2595ms (cache miss)
364 http fetch GET 200 https://registry.npmjs.org/rollup/-/rollup-4.60.0.tgz 2590ms (cache miss)
365 http fetch GET 200 https://registry.npmjs.org/vite/-/vite-5.4.21.tgz 2691ms (cache miss)
366 http fetch GET 200 https://registry.npmjs.org/react-dom/-/react-dom-18.3.1.tgz 2790ms (cache miss)
367 http fetch GET 200 https://registry.npmjs.org/@babel/traverse/-/traverse-7.29.0.tgz 2891ms (cache miss)
368 http fetch GET 200 https://registry.npmjs.org/@esbuild/win32-x64/-/win32-x64-0.21.5.tgz 3013ms (cache miss)
369 http fetch GET 200 https://registry.npmjs.org/axios/-/axios-1.14.0.tgz 3080ms (cache miss)
370 http fetch GET 200 https://registry.npmjs.org/@babel/core/-/core-7.29.0.tgz 3232ms (cache miss)
371 http fetch GET 200 https://registry.npmjs.org/@babel/types/-/types-7.29.0.tgz 3462ms (cache miss)
372 http fetch GET 200 https://registry.npmjs.org/@babel/helpers/-/helpers-7.29.2.tgz 3628ms (cache miss)
373 http fetch GET 200 https://registry.npmjs.org/caniuse-lite/-/caniuse-lite-1.0.30001781.tgz 4919ms (cache miss)
374 http fetch GET 200 https://registry.npmjs.org/lucide-react/-/lucide-react-1.11.0.tgz 14448ms (cache miss)
375 info run esbuild@0.21.5 postinstall node_modules/esbuild node install.js
376 info run esbuild@0.21.5 postinstall { code: 0, signal: null }
377 silly CHANGE node_modules/@types/babel__template
378 silly CHANGE node_modules/@vitejs/plugin-react
379 silly CHANGE node_modules/@types/babel__traverse
380 silly CHANGE node_modules/@types/estree
381 silly CHANGE node_modules/@types/babel__generator
382 silly CHANGE node_modules/@types/babel__core
383 silly CHANGE node_modules/@rolldown/pluginutils
384 silly CHANGE node_modules/@rollup/rollup-win32-x64-msvc
385 silly CHANGE node_modules/@rollup/rollup-win32-x64-gnu
386 silly CHANGE node_modules/@jridgewell/trace-mapping
387 silly CHANGE node_modules/@jridgewell/sourcemap-codec
388 silly CHANGE node_modules/@jridgewell/remapping
389 silly CHANGE node_modules/@jridgewell/resolve-uri
390 silly CHANGE node_modules/@jridgewell/gen-mapping
391 silly CHANGE node_modules/@remix-run/router
392 silly CHANGE node_modules/@esbuild/win32-x64
393 silly CHANGE node_modules/@babel/types
394 silly CHANGE node_modules/@babel/template
395 silly CHANGE node_modules/@babel/traverse
396 silly CHANGE node_modules/@babel/plugin-transform-react-jsx-source
397 silly CHANGE node_modules/@babel/plugin-transform-react-jsx-self
398 silly CHANGE node_modules/@babel/parser
399 silly CHANGE node_modules/@babel/helpers
400 silly CHANGE node_modules/@babel/helper-validator-option
401 silly CHANGE node_modules/@babel/helper-string-parser
402 silly CHANGE node_modules/@babel/helper-validator-identifier
403 silly CHANGE node_modules/@babel/helper-plugin-utils
404 silly CHANGE node_modules/@babel/helper-module-transforms
405 silly CHANGE node_modules/@babel/helper-globals
406 silly CHANGE node_modules/@babel/helper-module-imports
407 silly CHANGE node_modules/@babel/helper-compilation-targets
408 silly CHANGE node_modules/@babel/compat-data
409 silly CHANGE node_modules/@babel/generator
410 silly CHANGE node_modules/@babel/core
411 silly CHANGE node_modules/@babel/code-frame
412 silly CHANGE node_modules/vite
413 silly CHANGE node_modules/yallist
414 silly CHANGE node_modules/update-browserslist-db
415 silly CHANGE node_modules/source-map-js
416 silly CHANGE node_modules/semver
417 silly CHANGE node_modules/scheduler
418 silly CHANGE node_modules/rollup
419 silly CHANGE node_modules/react-router
420 silly CHANGE node_modules/react-router-dom
421 silly CHANGE node_modules/react-refresh
422 silly CHANGE node_modules/proxy-from-env
423 silly CHANGE node_modules/react-dom
424 silly CHANGE node_modules/react
425 silly CHANGE node_modules/node-releases
426 silly CHANGE node_modules/postcss
427 silly CHANGE node_modules/picocolors
428 silly CHANGE node_modules/nanoid
429 silly CHANGE node_modules/ms
430 silly CHANGE node_modules/mime-types
431 silly CHANGE node_modules/math-intrinsics
432 silly CHANGE node_modules/mime-db
433 silly CHANGE node_modules/lucide-react
434 silly CHANGE node_modules/json5
435 silly CHANGE node_modules/lru-cache
436 silly CHANGE node_modules/loose-envify
437 silly CHANGE node_modules/jsesc
438 silly CHANGE node_modules/hasown
439 silly CHANGE node_modules/js-tokens
440 silly CHANGE node_modules/has-tostringtag
441 silly CHANGE node_modules/gopd
442 silly CHANGE node_modules/has-symbols
443 silly CHANGE node_modules/get-proto
444 silly CHANGE node_modules/get-intrinsic
445 silly CHANGE node_modules/gensync
446 silly CHANGE node_modules/function-bind
447 silly CHANGE node_modules/follow-redirects
448 silly CHANGE node_modules/form-data
449 silly CHANGE node_modules/escalade
450 silly CHANGE node_modules/esbuild
451 silly CHANGE node_modules/es-set-tostringtag
452 silly CHANGE node_modules/es-object-atoms
453 silly CHANGE node_modules/es-errors
454 silly CHANGE node_modules/es-define-property
455 silly CHANGE node_modules/electron-to-chromium
456 silly CHANGE node_modules/dunder-proto
457 silly CHANGE node_modules/convert-source-map
458 silly CHANGE node_modules/delayed-stream
459 silly CHANGE node_modules/combined-stream
460 silly CHANGE node_modules/call-bind-apply-helpers
461 silly CHANGE node_modules/debug
462 silly CHANGE node_modules/caniuse-lite
463 silly CHANGE node_modules/baseline-browser-mapping
464 silly CHANGE node_modules/browserslist
465 silly CHANGE node_modules/axios
466 silly CHANGE node_modules/asynckit
467 verbose cwd C:\Users\DELL\OneDrive - donga.edu.vn\Documents\healthcare-system-project-clone\web
468 verbose os Windows_NT 10.0.19045
469 verbose node v24.15.0
470 verbose npm  v11.12.1
471 verbose exit 0
472 info ok
